******************************************************************************
              TMS320C55x Linker PC v4.3.8                      
******************************************************************************
>> Linked Sat May 24 14:27:43 2014

OUTPUT FILE NAME:   <lms_test_new_dma.out>
ENTRY POINT SYMBOL: "_c_int00"  address: 0002b7b9


MEMORY CONFIGURATION

         name            origin    length      used     unused   attr    fill
                        (bytes)   (bytes)    (bytes)   (bytes)
----------------------  --------  ---------  --------  --------  ----  --------
  MMR                   00000000   000000c0  00000000  000000c0  RW  
  VEC                   000000c0   00000300  00000200  00000100  R  X
  DARAM                 00000400   0000fc00  00005a80  0000a180  RW  
  SARAM                 00010000   0003df00  0001ec14  0001f2ec  RW  


SECTION ALLOCATION MAP
(Addresses surrounded by []'s are displayed for convenience only!)

output                                                          attributes/
section   page  orgn(bytes) orgn(words) len(bytes) len(words)   input sections
--------  ----  ----------- ----------- ---------- ----------   --------------
vectors      0     00000100  [ 00000080 ] 00000200          *   
                   00000100  [ 00000080 ] 00000100          *   cslVC5505.lib : vectors.obj (vectors)
                   00000200  [ 00000100 ] 00000100          *   rts55x.lib : vectors.obj (vectors)

.sysmem      0   [ 00000400 ]  00000200          *   00001fc0   UNINITIALIZED
                 [ 00000400 ]  00000200          *   00001fc0   --HOLE--

cmplxBuf     0   [ 00004380 ]  000021c0          *   00000400   UNINITIALIZED
                 [ 00004380 ]  000021c0          *   00000400   EQfilter.obj (cmplxBuf)

.cio         0   [ 00004b80 ]  000025c0          *   00000120   UNINITIALIZED
                 [ 00004b80 ]  000025c0          *   00000120   rts55x.lib : trgmsg.obj (.cio)

.switch      0   [ 00004dc0 ]  000026e0          *   00000060   
                 [ 00004dc0 ]  000026e0          *   00000060   cslVC5505.lib : csl_dma.obj (.switch)

data_br_buf 
*            0   [ 00005000 ]  00002800          *   00000400   UNINITIALIZED
                 [ 00005000 ]  00002800          *   00000400   EQfilter.obj (data_br_buf)

scratch_buf 
*            0   [ 00005800 ]  00002c00          *   00000400   UNINITIALIZED
                 [ 00005800 ]  00002c00          *   00000400   EQfilter.obj (scratch_buf)

.data        0   [ 00010000 ]  00008000          *   00000000   UNINITIALIZED

.bss         0   [ 00010000 ]  00008000          *   0000879a   
                 [ 00010000 ]  00008000          *   00005dc1   echo.obj (.bss) [fill = 0]
                 [ 0001bb82 ]  0000ddc1          *   000012cb   reverb.obj (.bss) [fill = 0]
                 [ 0001e118 ]  0000f08c          *   0000085a   aic_dma.obj (.bss) [fill = 0]
                 [ 0001f1cc ]  0000f8e6          *   00000621   EQfilter.obj (.bss) [fill = 0]
                 [ 0001fe0e ]  0000ff07          *   00000001   rts55x.lib : fopen.obj (.bss) [fill = 0]
                 [ 0001fe10 ]  0000ff08          *   00000222    main.obj (.bss) [fill = 0]
                 [ 00020254 ]  0001012a          *   00000202   LFO.obj (.bss) [fill = 0]
                 [ 00020658 ]  0001032c          *   00000119   rts55x.lib : defs.obj (.bss) [fill = 0]
                 [ 0002088a ]  00010445          *   00000001   --HOLE-- [fill = 0]
                 [ 0002088c ]  00010446          *   00000110   svf.obj (.bss) [fill = 0]
                 [ 00020aac ]  00010556          *   000000d0   rts55x.lib : trgdrv.obj (.bss) [fill = 0]
                 [ 00020c4c ]  00010626          *   00000084   cslVC5505.lib : csl_intc.obj (.bss) [fill = 0]
                 [ 00020d54 ]  000106aa          *   00000071   rts55x.lib : lowlev.obj (.bss) [fill = 0]
                 [ 00020e36 ]  0001071b          *   0000002a   cslVC5505.lib : csl_i2s.obj (.bss) [fill = 0]
                 [ 00020e8a ]  00010745          *   00000001   --HOLE-- [fill = 0]
                 [ 00020e8c ]  00010746          *   00000025   uart_config.obj (.bss) [fill = 0]
                 [ 00020ed6 ]  0001076b          *   00000001   --HOLE-- [fill = 0]
                 [ 00020ed8 ]  0001076c          *   00000012   cslVC5505.lib : csl_i2c.obj (.bss) [fill = 0]
                 [ 00020efc ]  0001077e          *   00000006   rts55x.lib : memory.obj (.bss) [fill = 0]
                 [ 00020f08 ]  00010784          *   00000005   tremolo.obj (.bss) [fill = 0]
                 [ 00020f12 ]  00010789          *   00000001   --HOLE-- [fill = 0]
                 [ 00020f14 ]  0001078a          *   00000004   ezdsp5535bsl.lib : ezdsp5535_gpio.obj (.bss) [fill = 0]
                 [ 00020f1c ]  0001078e          *   00000004   rts55x.lib : _lock.obj (.bss) [fill = 0]
                 [ 00020f24 ]  00010792          *   00000004              : exit.obj (.bss) [fill = 0]
                 [ 00020f2c ]  00010796          *   00000002   ezdsp5535bsl.lib : ezdsp5535_i2s.obj (.bss) [fill = 0]
                 [ 00020f30 ]  00010798          *   00000002   fuzz.obj (.bss) [fill = 0]

.text        0     00020f34  [ 0001079a ] 0000a9aa          *   
                   00020f34  [ 0001079a ] 000018b8          *   cslVC5505.lib : csl_dma.obj (.text)
                   000227ec  [ 000113f6 ] 00001598          *   rts55x.lib : _printfi.obj (.text)
                   00023d84  [ 00011ec2 ] 000010e1          *   cslVC5505.lib : csl_uart.obj (.text)
                   00024e65  [ 00012732+] 00000c3c          *                 : csl_i2c.obj (.text)
                   00025aa1  [ 00012d50+] 000009f3          *                 : csl_i2s.obj (.text)
                   00026494  [ 0001324a ] 0000068d          *                 : csl_gpio.obj (.text)
                   00026b21  [ 00013590+] 00000554          *                 : csl_intc.obj (.text)
                   00027075  [ 0001383a+] 00000543          *   rts55x.lib : lowlev.obj (.text)
                   000275b8  [ 00013adc ] 00000528          *              : trgdrv.obj (.text)
                   00027ae0  [ 00013d70 ] 000004b5          *              : memory.obj (.text)
                   00027f95  [ 00013fca+] 00000454          *   aic_dma.obj (.text)
                   000283e9  [ 000141f4+] 00000440          *   EQfilter.obj (.text)
                   00028829  [ 00014414+] 0000036c          *   rts55x.lib : divd.obj (.text)
                   00028b95  [ 000145ca+] 00000349          *   aic3204.obj (.text)
                   00028ede  [ 0001476f ] 00000339          *    main.obj (.text)
                   00029217  [ 0001490b+] 000002ad          *   cslVC5505.lib : csl_pll.obj (.text)
                   000294c4  [ 00014a62 ] 0000027f          *   rts55x.lib : fopen.obj (.text)
                   00029743  [ 00014ba1+] 0000025e          *              : llmpy.obj (.text)
                   000299a1  [ 00014cd0+] 00000259          *              : addd.obj (.text)
                   00029bfa  [ 00014dfd ] 000001ea          *              : cmpd.obj (.text)
                   00029de4  [ 00014ef2 ] 000001e7          *   ezdsp5535bsl.lib : ezdsp5535_led.obj (.text)
                   00029fcb  [ 00014fe5+] 000001d6          *   uart_config.obj (.text)
                   0002a1a1  [ 000150d0+] 00000163          *   rts55x.lib : fputs.obj (.text)
                   0002a304  [ 00015182 ] 0000014c          *              : mpyd.obj (.text)
                   0002a450  [ 00015228 ] 00000107          *   ezdsp5535bsl.lib : ezdsp5535_i2s.obj (.text)
                   0002a557  [ 000152ab+] 000000e6          *   rts55x.lib : setvbuf.obj (.text)
                   0002a63d  [ 0001531e+] 000000dd          *              : _io_perm.obj (.text)
                   0002a71a  [ 0001538d ] 000000cc          *   svf.obj (.text)
                   0002a7e6  [ 000153f3 ] 000000c8          *   reverb.obj (.text)
                   0002a8ae  [ 00015457 ] 000000c8          *   rts55x.lib : frcmpyd_div.obj (.text)
                   0002a976  [ 000154bb ] 000000c2          *              : fflush.obj (.text)
                   0002aa38  [ 0001551c ] 000000ba          *              : trgmsg.obj (.text:CIO_breakpoint)
                   0002aaf2  [ 00015579 ] 000000b9          *   echo.obj (.text)
                   0002abab  [ 000155d5+] 000000a7          *   led_test.obj (.text)
                   0002ac52  [ 00015629 ] 000000a6          *   rts55x.lib : fputc.obj (.text)
                   0002acf8  [ 0001567c ] 000000a1          *              : divul.obj (.text)
                   0002ad99  [ 000156cc+] 0000008e          *   ezdsp5535bsl.lib : ezdsp5535_i2c.obj (.text)
                   0002ae27  [ 00015713+] 0000008c          *   cslVC5505.lib : csl_irqplug.obj (.text)
                   0002aeb3  [ 00015759+] 00000087          *   ezdsp5535bsl.lib : ezdsp5535_gpio.obj (.text)
                   0002af3a  [ 0001579d ] 0000007d          *   rts55x.lib : ltoa.obj (.text)
                   0002afb7  [ 000157db+] 0000007b          *              : fclose.obj (.text)
                   0002b032  [ 00015819 ] 00000076          *              : frcmpyd.obj (.text)
                   0002b0a8  [ 00015854 ] 00000075          *   systemInit.obj (.text)
                   0002b11d  [ 0001588e+] 00000072          *   rts55x.lib : remul.obj (.text)
                   0002b18f  [ 000158c7+] 0000006f          *              : fixdli.obj (.text)
                   0002b1fe  [ 000158ff ] 0000006d          *   cslVC5505.lib : vectors.obj (.text)
                   0002b26b  [ 00015935+] 0000006d          *   rts55x.lib : trgmsg.obj (.text)
                   0002b2d8  [ 0001596c ] 0000006b          *              : fseek.obj (.text)
                   0002b343  [ 000159a1+] 00000069          *   fuzz.obj (.text)
                   0002b3ac  [ 000159d6 ] 00000069          *   stereo.obj (.text)
                   0002b415  [ 00015a0a+] 00000067          *   rts55x.lib : fltlid.obj (.text)
                   0002b47c  [ 00015a3e ] 0000005c          *              : atoi.obj (.text)
                   0002b4d8  [ 00015a6c ] 00000059          *   tremolo.obj (.text)
                   0002b531  [ 00015a98+] 00000054          *   ezdsp5535bsl.lib : ezdsp5535.obj (.text)
                   0002b585  [ 00015ac2+] 00000050          *   rts55x.lib : printf.obj (.text)
                   0002b5d5  [ 00015aea+] 0000004d          *              : autoinit.obj (.text)
                   0002b622  [ 00015b11 ] 0000004b          *              : args_main.obj (.text)
                   0002b66d  [ 00015b36+] 0000004b          *              : remli.obj (.text)
                   0002b6b8  [ 00015b5c ] 00000048          *              : divli.obj (.text)
                   0002b700  [ 00015b80 ] 0000003f          *              : memcpy.obj (.text)
                   0002b73f  [ 00015b9f+] 0000003e          *              : exit.obj (.text)
                   0002b77d  [ 00015bbe+] 0000003c          *   LFO.obj (.text)
                   0002b7b9  [ 00015bdc+] 00000034          *   rts55x.lib : boot.obj (.text)
                   0002b7ed  [ 00015bf6+] 0000002a          *              : fixdi.obj (.text)
                   0002b817  [ 00015c0b+] 0000002a          *              : udiv.obj (.text)
                   0002b841  [ 00015c20+] 00000023          *              : memccpy.obj (.text)
                   0002b864  [ 00015c32 ] 0000001c          *              : isinf.obj (.text)
                   0002b880  [ 00015c40 ] 00000014          *              : subd.obj (.text)
                   0002b894  [ 00015c4a ] 00000013          *              : lmpy.obj (.text)
                   0002b8a7  [ 00015c53+] 00000012          *              : _lock.obj (.text)
                   0002b8b9  [ 00015c5c+] 00000010          *              : negd.obj (.text)
                   0002b8c9  [ 00015c64+] 0000000a          *              : remove.obj (.text)
                   0002b8d3  [ 00015c69+] 00000007          *              : exit.obj (.text:CIO_breakpoint)
                   0002b8da  [ 00015c6d ] 00000002          *              : vectors.obj (.text)
                   0002b8dc  [ 00015c6e ] 00000002          *   --HOLE-- [fill = 20]

.stack       0   [ 0002b8e0 ]  00015c70          *   00000800   UNINITIALIZED
                 [ 0002b8e0 ]  00015c70          *   00000800   --HOLE--

.sysstack 
*            0   [ 0002c8e0 ]  00016470          *   00000800   UNINITIALIZED
                 [ 0002c8e0 ]  00016470          *   00000800   --HOLE--

.cinit       0   [ 0002d8e0 ]  00016c70          *   0000060d   
                 [ 0002d8e0 ]  00016c70          *   0000021b   EQfilter.obj (.cinit)
                 [ 0002dd16 ]  00016e8b          *   0000020b   LFO.obj (.cinit)
                 [ 0002e12c ]  00017096          *   0000010d   svf.obj (.cinit)
                 [ 0002e346 ]  000171a3          *   0000002d   rts55x.lib : lowlev.obj (.cinit)
                 [ 0002e3a0 ]  000171d0          *   0000002a              : defs.obj (.cinit)
                 [ 0002e3f4 ]  000171fa          *   0000001c    main.obj (.cinit)
                 [ 0002e42c ]  00017216          *   0000001c   aic_dma.obj (.cinit)
                 [ 0002e464 ]  00017232          *   00000016   uart_config.obj (.cinit)
                 [ 0002e490 ]  00017248          *   0000000a   rts55x.lib : _lock.obj (.cinit)
                 [ 0002e4a4 ]  00017252          *   0000000a              : exit.obj (.cinit)
                 [ 0002e4b8 ]  0001725c          *   00000008   cslVC5505.lib : csl_i2s.obj (.cinit)
                 [ 0002e4c8 ]  00017264          *   00000008   fuzz.obj (.cinit)
                 [ 0002e4d8 ]  0001726c          *   00000004   echo.obj (.cinit)
                 [ 0002e4e0 ]  00017270          *   00000004   reverb.obj (.cinit)
                 [ 0002e4e8 ]  00017274          *   00000004   rts55x.lib : fopen.obj (.cinit)
                 [ 0002e4f0 ]  00017278          *   00000004              : memory.obj (.cinit)
                 [ 0002e4f8 ]  0001727c          *   00000001   --HOLE-- [fill = 0]

.const       0   [ 0002e4fc ]  0001727e          *   0000038e   
                 [ 0002e4fc ]  0001727e          *   00000101   rts55x.lib : ctype.obj (.const:__ctypes_)
                 [ 0002e6fe ]  0001737f          *   00000001   --HOLE-- [fill = 0]
                 [ 0002e700 ]  00017380          *   000000d1   aic3204.obj (.const:.string)
                 [ 0002e8a2 ]  00017451          *   00000001   --HOLE-- [fill = 0]
                 [ 0002e8a4 ]  00017452          *   00000093   aic_dma.obj (.const:.string)
                 [ 0002e9ca ]  000174e5          *   00000001   --HOLE-- [fill = 0]
                 [ 0002e9cc ]  000174e6          *   00000089   uart_config.obj (.const:.string)
                 [ 0002eade ]  0001756f          *   00000001   --HOLE-- [fill = 0]
                 [ 0002eae0 ]  00017570          *   0000003f   led_test.obj (.const:.string)
                 [ 0002eb5e ]  000175af          *   00000001   --HOLE-- [fill = 0]
                 [ 0002eb60 ]  000175b0          *   00000024   rts55x.lib : _printfi.obj (.const:.string)
                 [ 0002eba8 ]  000175d4          *   0000001a    main.obj (.const:.string)
                 [ 0002ebdc ]  000175ee          *   0000000c   rts55x.lib : _printfi.obj (.const)
                 [ 0002ebf4 ]  000175fa          *   00000008              : divd.obj (.const:_initial_approx$1)
                 [ 0002ec04 ]  00017602          *   00000004   systemInit.obj (.const:_$P$T0$1)
                 [ 0002ec0c ]  00017606          *   00000002   rts55x.lib : fputs.obj (.const:.string)
                 [ 0002ec10 ]  00017608          *   00000002              : divd.obj (.const)
                 [ 0002ec14 ]  0001760a          *   00000002              : fltlid.obj (.const)


GLOBAL SYMBOLS: SORTED ALPHABETICALLY BY Name 

abs. value/
byte addr   word addr   name
---------   ---------   ----
00000002                $TI_capability$C5500$CallingConvention
00000002                $TI_capability$C5500$MemoryModel
00000001                $TI_capability_requires_rev3
            00008000    .bss
            00008000    .data
00020f34                .text
0002b8d4                C$$EXIT
0002aaed                C$$IO$$
0002b894                I$$LMPY
0002b817                I$$UDIV
0002b82c                I$$UMOD
00000100                RST
            0000fce9    _A
00028b95                _AIC3204_rget
00028be0                _AIC3204_rset
            00010446    _D1
            00010447    _D2
00021057                _DMA_close
00021076                _DMA_config
00021c4d                _DMA_getConfig
00022740                _DMA_getLastTransferType
00020f34                _DMA_init
00020f6b                _DMA_open
000223d0                _DMA_reset
000221bc                _DMA_start
000222cc                _DMA_stop
000226bc                _DMA_swapWords
000283e9                _EQ
00028496                _EQ_clear
            0000ff01    _EQ_output
000284ca                _EQcoeff
0002af1c                _EZDSP5535_GPIO_getInput
0002aeb3                _EZDSP5535_GPIO_init
0002aede                _EZDSP5535_GPIO_setDirection
0002af02                _EZDSP5535_GPIO_setOutput
0002ad99                _EZDSP5535_I2C_init
0002adff                _EZDSP5535_I2C_read
0002adce                _EZDSP5535_I2C_reset
0002add9                _EZDSP5535_I2C_write
0002a545                _EZDSP5535_I2S_close
0002a450                _EZDSP5535_I2S_init
0002a4a9                _EZDSP5535_I2S_readLeft
0002a508                _EZDSP5535_I2S_readRight
0002a4db                _EZDSP5535_I2S_writeLeft
0002a529                _EZDSP5535_I2S_writeRight
00029e1a                _EZDSP5535_LED_getall
00029de4                _EZDSP5535_LED_init
00029f0f                _EZDSP5535_LED_off
00029eda                _EZDSP5535_LED_on
00029e6c                _EZDSP5535_LED_setall
00029f42                _EZDSP5535_LED_toggle
00029f9d                _EZDSP5535_XF_get
00029f92                _EZDSP5535_XF_off
00029f87                _EZDSP5535_XF_on
00029fac                _EZDSP5535_XF_toggle
0002b577                _EZDSP5535_init
0002b531                _EZDSP5535_wait
0002b565                _EZDSP5535_waitusec
            00010458    _F1
0002a0f5                _FUART_init
0002697f                _GPIO_clearInt
000264d8                _GPIO_close
000264fc                _GPIO_config
0002672f                _GPIO_configBit
00026877                _GPIO_disableInt
000268f5                _GPIO_enableInt
00026581                _GPIO_getConfig
00026494                _GPIO_open
00026609                _GPIO_read
00026a92                _GPIO_reset
00026a0b                _GPIO_statusBit
0002668c                _GPIO_write
            0001078a    _GpioObj
            0000ff04    _H
00027a82                _HOSTclock
00027a17                _HOSTclose
00027962                _HOSTlseek
000278c3                _HOSTopen
00027836                _HOSTread
00027788                _HOSTrename
0002772a                _HOSTtime
000276c0                _HOSTunlink
00027633                _HOSTwrite
00024f0e                _I2C_config
000258d9                _I2C_eventDisable
000257a5                _I2C_eventEnable
00025073                _I2C_getConfig
00025a85                _I2C_getEventId
00024e65                _I2C_init
00025587                _I2C_read
000259f8                _I2C_setCallback
00025149                _I2C_setup
00025343                _I2C_write
00025ed6                _I2S_close
00025aa1                _I2S_open
00025f88                _I2S_read
00026398                _I2S_reset
00025be8                _I2S_setup
00026449                _I2S_transEnable
00026242                _I2S_write
00026bbb                _IRQ_clear
00026c25                _IRQ_clearAll
00026c35                _IRQ_config
00026d5b                _IRQ_disable
00026dd9                _IRQ_disableAll
00026de7                _IRQ_enable
00026ee1                _IRQ_getArg
00026cc8                _IRQ_getConfig
0002702f                _IRQ_globalDisable
00027048                _IRQ_globalEnable
00027061                _IRQ_globalRestore
00026b21                _IRQ_init
00026f5a                _IRQ_map
0002ae27                _IRQ_plug
00026e71                _IRQ_restore
00026f27                _IRQ_setArg
00026f8c                _IRQ_setVecs
00026fbd                _IRQ_test
0002b77d                _LFO
00029409                _PLL_bypass
00029279                _PLL_config
000293a2                _PLL_enable
00029241                _PLL_init
00029458                _PLL_reset
            00010448    _Q1
00000200                _Reset
            0000ff10    _START_OF_MESSAGE
0002436a                _UART_config
000246a1                _UART_eventDisable
00024609                _UART_eventEnable
000249db                _UART_fgetc
00024afe                _UART_fgets
00024a79                _UART_fputc
00024c2e                _UART_fputs
00024d42                _UART_getConfig
00024d1b                _UART_getEventId
00023e09                _UART_init
00024730                _UART_read
00024579                _UART_reset
000245be                _UART_resetOff
00024dff                _UART_setCallback
00023ec3                _UART_setup
0002446f                _UART_setupBaudRate
00024859                _UART_write
            00010768    _UARTstatus
00000100                _VECSTART
            000025c0    __CIOBUF_
            00016470    __STACK_END
00001000                __STACK_SIZE
00003f80                __SYSMEM_SIZE
00001000                __SYSSTACK_SIZE
ffffffff                ___binit__
            00008000    ___bss__
ffffffff                ___c_args__
            00016c70    ___cinit__
            00008000    ___data__
            00008000    ___edata__
            0001079a    ___end__
0002b8de                ___etext__
0002b864                ___isinf
ffffffff                ___pinit__
00020f34                ___text__
000299a1                __addd
0002b622                __args_main
000295e5                __cleanup
            00010792    __cleanup_ptr
00029d8c                __cmpd
            0001727e    __ctypes_
0002884b                __divd
0002b6b8                __divli
0002996c                __divlli
0002b817                __divu
0002acf8                __divul
00029878                __divull
0002a976                __doflush
            00010794    __dtors_ptr
00029d58                __eqld
0002b7ed                __fixdi
0002b18f                __fixdli
0002b415                __fltlid
0002b032                __frcmpyd
0002a8ae                __frcmpyd_div
            00010444    __ft_end
            0001032c    __ftable
00029d0e                __geqd
00029cc3                __gtrd
00029c76                __leqd
            0001078e    __lock
00029c2e                __lssd
0002a304                __mpyd
0002b894                __mpyli
000297c0                __mpylli
0002b8b9                __negd
00029bfa                __neqd
0002b8b7                __nop
00023b42                __printfi
0002a6bd                __rd_ok
0002b8af                __register_lock
0002b8a7                __register_unlock
0002b66d                __remli
00029791                __remlli
0002b82c                __remu
0002b11d                __remul
00029743                __remull
            00015c70    __stack
0002b880                __subd
            00000200    __sys_memory
            00016470    __sysstack
            000103a4    __tmpnams
            00010790    __unlock
0002a63d                __wrt_ok
            0000ff08    _a
0002b8d3                _abort
000274c8                _add_device
00028ecb                _aic3204_close
00028c0a                _aic3204_init
0002b47c                _atoi
0002b5d5                _auto_init
            0000f8e4    _bin_here1
            0000f8e5    _bin_here2
            0000fefa    _bitrev_data
            00002800    _bitreversed_buffer
            0000ff06    _bufferindex
0002b7b9                _c_int00
00027f6f                _calloc
            00010769    _charsent
00027f67                _chkheap
            0000ff02    _circular_buffer
00027455                _close
            0000fae6    _coeff_buffer
            000021c0    _complex_buffer
            0000fef8    _complex_data
            0001076a    _count
            0000fce8    _dF
            0000ff12    _data_ready
            0000f8e6    _db
            0000f8b0    _dmaConfigLR
            0000f894    _dmaConfigLS
            0000f8be    _dmaConfigRR
            0000f8a2    _dmaConfigRS
            0000f890    _dmaHandleLR
            0000f88c    _dmaHandleLS
            0000f892    _dmaHandleRR
            0000f88e    _dmaHandleRS
            0000f08c    _dmaPingDstBufLR
            0000f28c    _dmaPingDstBufRR
            0000f48c    _dmaPingSrcBufLS
            0000f68c    _dmaPingSrcBufRS
            0000f18c    _dmaPongDstBufLR
            0000f38c    _dmaPongDstBufRR
            0000f58c    _dmaPongSrcBufLS
            0000f78c    _dmaPongSrcBufRS
00027f95                _dma_init
00028374                _dma_isr
000282bb                _dma_stop
            0000ff16    _e_index
0002ab1e                _echo
            00008000    _echo_array
0002aaf2                _echo_array_clear
0002b73f                _exit
            00010452    _f1
            0000fcf1    _fc
0002afb7                _fclose
0002a9df                _fflush
            0000fefe    _fft_data
0002744c                _find_registered_device
00029708                _fopen
0002ac52                _fputc
0002a1a1                _fputs
00027ae0                _free
00027f11                _free_memory
0002963f                _freopen
            00010743    _fsError
0002b2d8                _fseek
0002b343                _fuzz
            0000ff1e    _fx
            0001076c    _gI2cObj
            0000f8cc    _getdmaConfig
000275b8                _getenv
            0001078c    _hGpio
            00010796    _hI2s
            00010766    _hUart
            0001044a    _hVar1
            0001044c    _hVar2
            0001044e    _hVar3
            00010450    _hfc
00ff0c1c                _hwafft_1024pts
00ff0593                _hwafft_128pts
00feff9f                _hwafft_16pts
00ff07a4                _hwafft_256pts
00ff00f5                _hwafft_32pts
00ff09a2                _hwafft_512pts
00ff03fe                _hwafft_64pts
00fefeb0                _hwafft_8pts
00fefe9c                _hwafft_br
            0000ff1c    _i
            0001077c    _i2cHandle
            0000f8e1    _ifrflags
            0000fce7    _ii
0002abab                _led_test
000273e6                _lseek
            0000f8e2    _lst_xfer_ping
            0000f8e3    _lst_xfer_pong
0002af3a                _ltoa
00028ede                _main
00027c11                _malloc
00027eb7                _max_free
0002b841                _memccpy
0002b700                _memcpy
            0000ff11    _messagestart
00027bac                _minit
            00010788    _modsignal
            00010785    _modulator
            0000ff2a    _monoInputPing
            0001002a    _monoInputPong
00027327                _open
            0000ff13    _opmode
            00010744    _ouError
            0000ff00    _out_sel
            00010784    _output
            00010786    _output32
            00010454    _outputs
            00010798    _pGain
            0000ff14    _param1
            0000ff15    _param2
            00010449    _pi
            0000f8da    _pingLR
            0000f8dc    _pingLS
            0000f8db    _pingRR
            0000f8dd    _pingRS
            0000f8e0    _pp
0002b585                _printf
0002ac52                _putc
0002ace9                _putchar
0002a2d6                _puts
00027279                _read
0002b26b                _readmsg
00027d06                _realloc
0002b8c9                _remove
00027243                _remove_device
000271ea                _rename
0002a812                _reverb
            0000ddc1    _reverb_array
0002a7e6                _reverb_array_clear
            0000ff17    _rx
            0000fefc    _scratch
            00002c00    _scratch_buffer
0002a557                _setvbuf
            0000f8df    _status
0002b3ac                _stereo_to_mono
0002b3cd                _stereo_to_mono_buffer
0002a71a                _svf
0002b0a8                _systemInit
            0000f8de    _tcr2
            00010799    _thresh
0002b4d8                _tremolo
            0000fcf8    _turkey512
            00010752    _uartObj
            00010746    _uartSetup
00029fcb                _uart_init
0002a0d2                _uart_isr
000271b7                _unlink
00027075                _write
0002aa38                _writemsg
            0000fce6    _x
ffffffff                binit
            00016c70    cinit
            00008000    edata
            0001079a    end
0002b8de                etext
ffffffff                pinit


GLOBAL SYMBOLS: SORTED BY Symbol Address 

abs. value/
byte addr   word addr   name
---------   ---------   ----
00000001                $TI_capability_requires_rev3
00000002                $TI_capability$C5500$CallingConvention
00000002                $TI_capability$C5500$MemoryModel
00000100                RST
00000100                _VECSTART
00000200                _Reset
            00000200    __sys_memory
00001000                __STACK_SIZE
00001000                __SYSSTACK_SIZE
00003f80                __SYSMEM_SIZE
            000021c0    _complex_buffer
            000025c0    __CIOBUF_
            00002800    _bitreversed_buffer
            00002c00    _scratch_buffer
            00008000    .bss
            00008000    .data
            00008000    ___bss__
            00008000    ___data__
            00008000    ___edata__
            00008000    _echo_array
            00008000    edata
            0000ddc1    _reverb_array
            0000f08c    _dmaPingDstBufLR
            0000f18c    _dmaPongDstBufLR
            0000f28c    _dmaPingDstBufRR
            0000f38c    _dmaPongDstBufRR
            0000f48c    _dmaPingSrcBufLS
            0000f58c    _dmaPongSrcBufLS
            0000f68c    _dmaPingSrcBufRS
            0000f78c    _dmaPongSrcBufRS
            0000f88c    _dmaHandleLS
            0000f88e    _dmaHandleRS
            0000f890    _dmaHandleLR
            0000f892    _dmaHandleRR
            0000f894    _dmaConfigLS
            0000f8a2    _dmaConfigRS
            0000f8b0    _dmaConfigLR
            0000f8be    _dmaConfigRR
            0000f8cc    _getdmaConfig
            0000f8da    _pingLR
            0000f8db    _pingRR
            0000f8dc    _pingLS
            0000f8dd    _pingRS
            0000f8de    _tcr2
            0000f8df    _status
            0000f8e0    _pp
            0000f8e1    _ifrflags
            0000f8e2    _lst_xfer_ping
            0000f8e3    _lst_xfer_pong
            0000f8e4    _bin_here1
            0000f8e5    _bin_here2
            0000f8e6    _db
            0000fae6    _coeff_buffer
            0000fce6    _x
            0000fce7    _ii
            0000fce8    _dF
            0000fce9    _A
            0000fcf1    _fc
            0000fcf8    _turkey512
            0000fef8    _complex_data
            0000fefa    _bitrev_data
            0000fefc    _scratch
            0000fefe    _fft_data
            0000ff00    _out_sel
            0000ff01    _EQ_output
            0000ff02    _circular_buffer
            0000ff04    _H
            0000ff06    _bufferindex
            0000ff08    _a
            0000ff10    _START_OF_MESSAGE
            0000ff11    _messagestart
            0000ff12    _data_ready
            0000ff13    _opmode
            0000ff14    _param1
            0000ff15    _param2
            0000ff16    _e_index
            0000ff17    _rx
            0000ff1c    _i
            0000ff1e    _fx
            0000ff2a    _monoInputPing
            0001002a    _monoInputPong
            0001032c    __ftable
            000103a4    __tmpnams
            00010444    __ft_end
            00010446    _D1
            00010447    _D2
            00010448    _Q1
            00010449    _pi
            0001044a    _hVar1
            0001044c    _hVar2
            0001044e    _hVar3
            00010450    _hfc
            00010452    _f1
            00010454    _outputs
            00010458    _F1
            00010743    _fsError
            00010744    _ouError
            00010746    _uartSetup
            00010752    _uartObj
            00010766    _hUart
            00010768    _UARTstatus
            00010769    _charsent
            0001076a    _count
            0001076c    _gI2cObj
            0001077c    _i2cHandle
            00010784    _output
            00010785    _modulator
            00010786    _output32
            00010788    _modsignal
            0001078a    _GpioObj
            0001078c    _hGpio
            0001078e    __lock
            00010790    __unlock
            00010792    __cleanup_ptr
            00010794    __dtors_ptr
            00010796    _hI2s
            00010798    _pGain
            00010799    _thresh
00020f34                .text
00020f34                _DMA_init
            0001079a    ___end__
00020f34                ___text__
            0001079a    end
00020f6b                _DMA_open
00021057                _DMA_close
00021076                _DMA_config
00021c4d                _DMA_getConfig
000221bc                _DMA_start
000222cc                _DMA_stop
000223d0                _DMA_reset
000226bc                _DMA_swapWords
00022740                _DMA_getLastTransferType
00023b42                __printfi
00023e09                _UART_init
00023ec3                _UART_setup
0002436a                _UART_config
0002446f                _UART_setupBaudRate
00024579                _UART_reset
000245be                _UART_resetOff
00024609                _UART_eventEnable
000246a1                _UART_eventDisable
00024730                _UART_read
00024859                _UART_write
000249db                _UART_fgetc
00024a79                _UART_fputc
00024afe                _UART_fgets
00024c2e                _UART_fputs
00024d1b                _UART_getEventId
00024d42                _UART_getConfig
00024dff                _UART_setCallback
00024e65                _I2C_init
00024f0e                _I2C_config
00025073                _I2C_getConfig
00025149                _I2C_setup
00025343                _I2C_write
00025587                _I2C_read
000257a5                _I2C_eventEnable
000258d9                _I2C_eventDisable
000259f8                _I2C_setCallback
00025a85                _I2C_getEventId
00025aa1                _I2S_open
00025be8                _I2S_setup
00025ed6                _I2S_close
00025f88                _I2S_read
00026242                _I2S_write
00026398                _I2S_reset
00026449                _I2S_transEnable
00026494                _GPIO_open
000264d8                _GPIO_close
000264fc                _GPIO_config
00026581                _GPIO_getConfig
00026609                _GPIO_read
0002668c                _GPIO_write
0002672f                _GPIO_configBit
00026877                _GPIO_disableInt
000268f5                _GPIO_enableInt
0002697f                _GPIO_clearInt
00026a0b                _GPIO_statusBit
00026a92                _GPIO_reset
00026b21                _IRQ_init
00026bbb                _IRQ_clear
00026c25                _IRQ_clearAll
00026c35                _IRQ_config
00026cc8                _IRQ_getConfig
00026d5b                _IRQ_disable
00026dd9                _IRQ_disableAll
00026de7                _IRQ_enable
00026e71                _IRQ_restore
00026ee1                _IRQ_getArg
00026f27                _IRQ_setArg
00026f5a                _IRQ_map
00026f8c                _IRQ_setVecs
00026fbd                _IRQ_test
0002702f                _IRQ_globalDisable
00027048                _IRQ_globalEnable
00027061                _IRQ_globalRestore
00027075                _write
000271b7                _unlink
000271ea                _rename
00027243                _remove_device
00027279                _read
00027327                _open
000273e6                _lseek
0002744c                _find_registered_device
00027455                _close
000274c8                _add_device
000275b8                _getenv
00027633                _HOSTwrite
000276c0                _HOSTunlink
0002772a                _HOSTtime
00027788                _HOSTrename
00027836                _HOSTread
000278c3                _HOSTopen
00027962                _HOSTlseek
00027a17                _HOSTclose
00027a82                _HOSTclock
00027ae0                _free
00027bac                _minit
00027c11                _malloc
00027d06                _realloc
00027eb7                _max_free
00027f11                _free_memory
00027f67                _chkheap
00027f6f                _calloc
00027f95                _dma_init
000282bb                _dma_stop
00028374                _dma_isr
000283e9                _EQ
00028496                _EQ_clear
000284ca                _EQcoeff
0002884b                __divd
00028b95                _AIC3204_rget
00028be0                _AIC3204_rset
00028c0a                _aic3204_init
00028ecb                _aic3204_close
00028ede                _main
00029241                _PLL_init
00029279                _PLL_config
000293a2                _PLL_enable
00029409                _PLL_bypass
00029458                _PLL_reset
000295e5                __cleanup
0002963f                _freopen
00029708                _fopen
00029743                __remull
00029791                __remlli
000297c0                __mpylli
00029878                __divull
0002996c                __divlli
000299a1                __addd
00029bfa                __neqd
00029c2e                __lssd
00029c76                __leqd
00029cc3                __gtrd
00029d0e                __geqd
00029d58                __eqld
00029d8c                __cmpd
00029de4                _EZDSP5535_LED_init
00029e1a                _EZDSP5535_LED_getall
00029e6c                _EZDSP5535_LED_setall
00029eda                _EZDSP5535_LED_on
00029f0f                _EZDSP5535_LED_off
00029f42                _EZDSP5535_LED_toggle
00029f87                _EZDSP5535_XF_on
00029f92                _EZDSP5535_XF_off
00029f9d                _EZDSP5535_XF_get
00029fac                _EZDSP5535_XF_toggle
00029fcb                _uart_init
0002a0d2                _uart_isr
0002a0f5                _FUART_init
0002a1a1                _fputs
0002a2d6                _puts
0002a304                __mpyd
0002a450                _EZDSP5535_I2S_init
0002a4a9                _EZDSP5535_I2S_readLeft
0002a4db                _EZDSP5535_I2S_writeLeft
0002a508                _EZDSP5535_I2S_readRight
0002a529                _EZDSP5535_I2S_writeRight
0002a545                _EZDSP5535_I2S_close
0002a557                _setvbuf
0002a63d                __wrt_ok
0002a6bd                __rd_ok
0002a71a                _svf
0002a7e6                _reverb_array_clear
0002a812                _reverb
0002a8ae                __frcmpyd_div
0002a976                __doflush
0002a9df                _fflush
0002aa38                _writemsg
0002aaed                C$$IO$$
0002aaf2                _echo_array_clear
0002ab1e                _echo
0002abab                _led_test
0002ac52                _fputc
0002ac52                _putc
0002ace9                _putchar
0002acf8                __divul
0002ad99                _EZDSP5535_I2C_init
0002adce                _EZDSP5535_I2C_reset
0002add9                _EZDSP5535_I2C_write
0002adff                _EZDSP5535_I2C_read
0002ae27                _IRQ_plug
0002aeb3                _EZDSP5535_GPIO_init
0002aede                _EZDSP5535_GPIO_setDirection
0002af02                _EZDSP5535_GPIO_setOutput
0002af1c                _EZDSP5535_GPIO_getInput
0002af3a                _ltoa
0002afb7                _fclose
0002b032                __frcmpyd
0002b0a8                _systemInit
0002b11d                __remul
0002b18f                __fixdli
0002b26b                _readmsg
0002b2d8                _fseek
0002b343                _fuzz
0002b3ac                _stereo_to_mono
0002b3cd                _stereo_to_mono_buffer
0002b415                __fltlid
0002b47c                _atoi
0002b4d8                _tremolo
0002b531                _EZDSP5535_wait
0002b565                _EZDSP5535_waitusec
0002b577                _EZDSP5535_init
0002b585                _printf
0002b5d5                _auto_init
0002b622                __args_main
0002b66d                __remli
0002b6b8                __divli
0002b700                _memcpy
0002b73f                _exit
0002b77d                _LFO
0002b7b9                _c_int00
0002b7ed                __fixdi
0002b817                I$$UDIV
0002b817                __divu
0002b82c                I$$UMOD
0002b82c                __remu
0002b841                _memccpy
0002b864                ___isinf
0002b880                __subd
0002b894                I$$LMPY
0002b894                __mpyli
0002b8a7                __register_unlock
0002b8af                __register_lock
0002b8b7                __nop
0002b8b9                __negd
0002b8c9                _remove
0002b8d3                _abort
0002b8d4                C$$EXIT
0002b8de                ___etext__
0002b8de                etext
            00015c70    __stack
            00016470    __STACK_END
            00016470    __sysstack
            00016c70    ___cinit__
            00016c70    cinit
            0001727e    __ctypes_
00fefe9c                _hwafft_br
00fefeb0                _hwafft_8pts
00feff9f                _hwafft_16pts
00ff00f5                _hwafft_32pts
00ff03fe                _hwafft_64pts
00ff0593                _hwafft_128pts
00ff07a4                _hwafft_256pts
00ff09a2                _hwafft_512pts
00ff0c1c                _hwafft_1024pts
ffffffff                ___binit__
ffffffff                ___c_args__
ffffffff                ___pinit__
ffffffff                binit
ffffffff                pinit

[371 symbols]
