******************************************************************************
              TMS320C55x Linker PC v4.3.8                      
******************************************************************************
>> Linked Sat May 24 12:29:21 2014

OUTPUT FILE NAME:   <lms_test_new_dma.out>
ENTRY POINT SYMBOL: "_c_int00"  address: 0002af93


MEMORY CONFIGURATION

         name            origin    length      used     unused   attr    fill
                        (bytes)   (bytes)    (bytes)   (bytes)
----------------------  --------  ---------  --------  --------  ----  --------
  MMR                   00000000   000000c0  00000000  000000c0  RW  
  VEC                   000000c0   00000300  00000200  00000100  R  X
  DARAM                 00000400   0000fc00  00006284  0000997c  RW  
  SARAM                 00010000   0003df00  0001e3ee  0001fb12  RW  


SECTION ALLOCATION MAP
(Addresses surrounded by []'s are displayed for convenience only!)

output                                                          attributes/
section   page  orgn(bytes) orgn(words) len(bytes) len(words)   input sections
--------  ----  ----------- ----------- ---------- ----------   --------------
vectors      0     00000100  [ 00000080 ] 00000200          *   
                   00000100  [ 00000080 ] 00000100          *   cslVC5505.lib : vectors.obj (vectors)
                   00000200  [ 00000100 ] 00000100          *   rts55x.lib : vectors.obj (vectors)

.sysmem      0   [ 00000400 ]  00000200          *   00001fc0   UNINITIALIZED
                 [ 00000400 ]  00000200          *   00001fc0   --HOLE--

cmplxBuf     0   [ 00004380 ]  000021c0          *   00000400   UNINITIALIZED
                 [ 00004380 ]  000021c0          *   00000400   EQfilter.obj (cmplxBuf)

dbuffer      0   [ 00004b80 ]  000025c0          *   00000202   UNINITIALIZED
                 [ 00004b80 ]  000025c0          *   00000202    main.obj (dbuffer)

data_br_buf 
*            0   [ 00005000 ]  00002800          *   00000400   UNINITIALIZED
                 [ 00005000 ]  00002800          *   00000400   EQfilter.obj (data_br_buf)

scratch_buf 
*            0   [ 00005800 ]  00002c00          *   00000400   UNINITIALIZED
                 [ 00005800 ]  00002c00          *   00000400   EQfilter.obj (scratch_buf)

coeffs       0   [ 00006000 ]  00003000          *   00000200   UNINITIALIZED
                 [ 00006000 ]  00003000          *   00000200    main.obj (coeffs)

.cio         0   [ 00006400 ]  00003200          *   00000120   UNINITIALIZED
                 [ 00006400 ]  00003200          *   00000120   rts55x.lib : trgmsg.obj (.cio)

.switch      0   [ 00006640 ]  00003320          *   00000060   
                 [ 00006640 ]  00003320          *   00000060   cslVC5505.lib : csl_dma.obj (.switch)

.data        0   [ 00010000 ]  00008000          *   00000000   UNINITIALIZED

.bss         0   [ 00010000 ]  00008000          *   00008396   
                 [ 00010000 ]  00008000          *   00005dc1   echo.obj (.bss) [fill = 0]
                 [ 0001bb82 ]  0000ddc1          *   000012cb   reverb.obj (.bss) [fill = 0]
                 [ 0001e118 ]  0000f08c          *   0000085a   aic_dma.obj (.bss) [fill = 0]
                 [ 0001f1cc ]  0000f8e6          *   00000224    main.obj (.bss) [fill = 0]
                 [ 0001f614 ]  0000fb0a          *   0000021b   EQfilter.obj (.bss) [fill = 0]
                 [ 0001fa4a ]  0000fd25          *   00000202   LFO.obj (.bss) [fill = 0]
                 [ 0001fe4e ]  0000ff27          *   00000001   rts55x.lib : fopen.obj (.bss) [fill = 0]
                 [ 0001fe50 ]  0000ff28          *   00000119              : defs.obj (.bss) [fill = 0]
                 [ 00020082 ]  00010041          *   00000001   --HOLE-- [fill = 0]
                 [ 00020084 ]  00010042          *   00000110   svf.obj (.bss) [fill = 0]
                 [ 000202a4 ]  00010152          *   000000d0   rts55x.lib : trgdrv.obj (.bss) [fill = 0]
                 [ 00020444 ]  00010222          *   00000084   cslVC5505.lib : csl_intc.obj (.bss) [fill = 0]
                 [ 0002054c ]  000102a6          *   00000071   rts55x.lib : lowlev.obj (.bss) [fill = 0]
                 [ 0002062e ]  00010317          *   0000002a   cslVC5505.lib : csl_i2s.obj (.bss) [fill = 0]
                 [ 00020682 ]  00010341          *   00000001   --HOLE-- [fill = 0]
                 [ 00020684 ]  00010342          *   00000025   uart_config.obj (.bss) [fill = 0]
                 [ 000206ce ]  00010367          *   00000001   --HOLE-- [fill = 0]
                 [ 000206d0 ]  00010368          *   00000012   cslVC5505.lib : csl_i2c.obj (.bss) [fill = 0]
                 [ 000206f4 ]  0001037a          *   00000006   rts55x.lib : memory.obj (.bss) [fill = 0]
                 [ 00020700 ]  00010380          *   00000005   tremolo.obj (.bss) [fill = 0]
                 [ 0002070a ]  00010385          *   00000001   --HOLE-- [fill = 0]
                 [ 0002070c ]  00010386          *   00000004   ezdsp5535bsl.lib : ezdsp5535_gpio.obj (.bss) [fill = 0]
                 [ 00020714 ]  0001038a          *   00000004   rts55x.lib : _lock.obj (.bss) [fill = 0]
                 [ 0002071c ]  0001038e          *   00000004              : exit.obj (.bss) [fill = 0]
                 [ 00020724 ]  00010392          *   00000002   ezdsp5535bsl.lib : ezdsp5535_i2s.obj (.bss) [fill = 0]
                 [ 00020728 ]  00010394          *   00000002   fuzz.obj (.bss) [fill = 0]

.text        0     0002072c  [ 00010396 ] 0000a98c          *   
                   0002072c  [ 00010396 ] 000018b8          *   cslVC5505.lib : csl_dma.obj (.text)
                   00021fe4  [ 00010ff2 ] 00001598          *   rts55x.lib : _printfi.obj (.text)
                   0002357c  [ 00011abe ] 000010e1          *   cslVC5505.lib : csl_uart.obj (.text)
                   0002465d  [ 0001232e+] 00000c3c          *                 : csl_i2c.obj (.text)
                   00025299  [ 0001294c+] 000009f3          *                 : csl_i2s.obj (.text)
                   00025c8c  [ 00012e46 ] 0000068d          *                 : csl_gpio.obj (.text)
                   00026319  [ 0001318c+] 00000554          *                 : csl_intc.obj (.text)
                   0002686d  [ 00013436+] 00000543          *   rts55x.lib : lowlev.obj (.text)
                   00026db0  [ 000136d8 ] 00000528          *              : trgdrv.obj (.text)
                   000272d8  [ 0001396c ] 000004b5          *              : memory.obj (.text)
                   0002778d  [ 00013bc6+] 00000454          *   aic_dma.obj (.text)
                   00027be1  [ 00013df0+] 000003b1          *    main.obj (.text)
                   00027f92  [ 00013fc9 ] 0000036c          *   rts55x.lib : divd.obj (.text)
                   000282fe  [ 0001417f ] 00000349          *   aic3204.obj (.text)
                   00028647  [ 00014323+] 0000032f          *   EQfilter.obj (.text)
                   00028976  [ 000144bb ] 000002ad          *   cslVC5505.lib : csl_pll.obj (.text)
                   00028c23  [ 00014611+] 0000027f          *   rts55x.lib : fopen.obj (.text)
                   00028ea2  [ 00014751 ] 0000025e          *              : llmpy.obj (.text)
                   00029100  [ 00014880 ] 00000259          *              : addd.obj (.text)
                   00029359  [ 000149ac+] 000001ea          *              : cmpd.obj (.text)
                   00029543  [ 00014aa1+] 000001e7          *   ezdsp5535bsl.lib : ezdsp5535_led.obj (.text)
                   0002972a  [ 00014b95 ] 000001d6          *   uart_config.obj (.text)
                   00029900  [ 00014c80 ] 00000163          *   rts55x.lib : fputs.obj (.text)
                   00029a63  [ 00014d31+] 0000014c          *              : mpyd.obj (.text)
                   00029baf  [ 00014dd7+] 00000107          *   ezdsp5535bsl.lib : ezdsp5535_i2s.obj (.text)
                   00029cb6  [ 00014e5b ] 000000e6          *   rts55x.lib : setvbuf.obj (.text)
                   00029d9c  [ 00014ece ] 000000dd          *              : _io_perm.obj (.text)
                   00029e79  [ 00014f3c+] 000000cc          *   svf.obj (.text)
                   00029f45  [ 00014fa2+] 000000c8          *   reverb.obj (.text)
                   0002a00d  [ 00015006+] 000000c8          *   rts55x.lib : frcmpyd_div.obj (.text)
                   0002a0d5  [ 0001506a+] 000000c2          *              : fflush.obj (.text)
                   0002a197  [ 000150cb+] 000000ba          *              : trgmsg.obj (.text:CIO_breakpoint)
                   0002a251  [ 00015128+] 000000b9          *   echo.obj (.text)
                   0002a30a  [ 00015185 ] 000000a7          *   led_test.obj (.text)
                   0002a3b1  [ 000151d8+] 000000a6          *   rts55x.lib : fputc.obj (.text)
                   0002a457  [ 0001522b+] 000000a1          *              : divul.obj (.text)
                   0002a4f8  [ 0001527c ] 0000008e          *   ezdsp5535bsl.lib : ezdsp5535_i2c.obj (.text)
                   0002a586  [ 000152c3 ] 0000008c          *   cslVC5505.lib : csl_irqplug.obj (.text)
                   0002a612  [ 00015309 ] 00000087          *   ezdsp5535bsl.lib : ezdsp5535_gpio.obj (.text)
                   0002a699  [ 0001534c+] 0000007d          *   rts55x.lib : ltoa.obj (.text)
                   0002a716  [ 0001538b ] 0000007b          *   55xdspx_r3.lib : fir2.obj (.text)
                   0002a791  [ 000153c8+] 0000007b          *   rts55x.lib : fclose.obj (.text)
                   0002a80c  [ 00015406 ] 00000076          *              : frcmpyd.obj (.text)
                   0002a882  [ 00015441 ] 00000075          *   systemInit.obj (.text)
                   0002a8f7  [ 0001547b+] 00000072          *   rts55x.lib : remul.obj (.text)
                   0002a969  [ 000154b4+] 0000006f          *              : fixdli.obj (.text)
                   0002a9d8  [ 000154ec ] 0000006d          *   cslVC5505.lib : vectors.obj (.text)
                   0002aa45  [ 00015522+] 0000006d          *   rts55x.lib : trgmsg.obj (.text)
                   0002aab2  [ 00015559 ] 0000006b          *              : fseek.obj (.text)
                   0002ab1d  [ 0001558e+] 00000069          *   fuzz.obj (.text)
                   0002ab86  [ 000155c3 ] 00000069          *   stereo.obj (.text)
                   0002abef  [ 000155f7+] 00000067          *   rts55x.lib : fltlid.obj (.text)
                   0002ac56  [ 0001562b ] 0000005c          *              : atoi.obj (.text)
                   0002acb2  [ 00015659 ] 00000059          *   tremolo.obj (.text)
                   0002ad0b  [ 00015685+] 00000054          *   ezdsp5535bsl.lib : ezdsp5535.obj (.text)
                   0002ad5f  [ 000156af+] 00000050          *   rts55x.lib : printf.obj (.text)
                   0002adaf  [ 000156d7+] 0000004d          *              : autoinit.obj (.text)
                   0002adfc  [ 000156fe ] 0000004b          *              : args_main.obj (.text)
                   0002ae47  [ 00015723+] 0000004b          *              : remli.obj (.text)
                   0002ae92  [ 00015749 ] 00000048          *              : divli.obj (.text)
                   0002aeda  [ 0001576d ] 0000003f          *              : memcpy.obj (.text)
                   0002af19  [ 0001578c+] 0000003e          *              : exit.obj (.text)
                   0002af57  [ 000157ab+] 0000003c          *   LFO.obj (.text)
                   0002af93  [ 000157c9+] 00000034          *   rts55x.lib : boot.obj (.text)
                   0002afc7  [ 000157e3+] 0000002a          *              : fixdi.obj (.text)
                   0002aff1  [ 000157f8+] 0000002a          *              : udiv.obj (.text)
                   0002b01b  [ 0001580d+] 00000023          *              : memccpy.obj (.text)
                   0002b03e  [ 0001581f ] 0000001c          *              : isinf.obj (.text)
                   0002b05a  [ 0001582d ] 00000014          *              : subd.obj (.text)
                   0002b06e  [ 00015837 ] 00000013          *              : lmpy.obj (.text)
                   0002b081  [ 00015840+] 00000012          *              : _lock.obj (.text)
                   0002b093  [ 00015849+] 00000010          *              : negd.obj (.text)
                   0002b0a3  [ 00015851+] 0000000a          *              : remove.obj (.text)
                   0002b0ad  [ 00015856+] 00000007          *              : exit.obj (.text:CIO_breakpoint)
                   0002b0b4  [ 0001585a ] 00000002          *              : vectors.obj (.text)
                   0002b0b6  [ 0001585b ] 00000002          *   --HOLE-- [fill = 20]

.stack       0   [ 0002b0b8 ]  0001585c          *   00000800   UNINITIALIZED
                 [ 0002b0b8 ]  0001585c          *   00000800   --HOLE--

.sysstack 
*            0   [ 0002c0b8 ]  0001605c          *   00000800   UNINITIALIZED
                 [ 0002c0b8 ]  0001605c          *   00000800   --HOLE--

.cinit       0   [ 0002d0b8 ]  0001685c          *   0000060d   
                 [ 0002d0b8 ]  0001685c          *   0000020d   EQfilter.obj (.cinit)
                 [ 0002d4d2 ]  00016a69          *   0000020b   LFO.obj (.cinit)
                 [ 0002d8e8 ]  00016c74          *   0000010d   svf.obj (.cinit)
                 [ 0002db02 ]  00016d81          *   0000002d   rts55x.lib : lowlev.obj (.cinit)
                 [ 0002db5c ]  00016dae          *   0000002a    main.obj (.cinit)
                 [ 0002dbb0 ]  00016dd8          *   0000002a   rts55x.lib : defs.obj (.cinit)
                 [ 0002dc04 ]  00016e02          *   0000001c   aic_dma.obj (.cinit)
                 [ 0002dc3c ]  00016e1e          *   00000016   uart_config.obj (.cinit)
                 [ 0002dc68 ]  00016e34          *   0000000a   rts55x.lib : _lock.obj (.cinit)
                 [ 0002dc7c ]  00016e3e          *   0000000a              : exit.obj (.cinit)
                 [ 0002dc90 ]  00016e48          *   00000008   cslVC5505.lib : csl_i2s.obj (.cinit)
                 [ 0002dca0 ]  00016e50          *   00000008   fuzz.obj (.cinit)
                 [ 0002dcb0 ]  00016e58          *   00000004   echo.obj (.cinit)
                 [ 0002dcb8 ]  00016e5c          *   00000004   reverb.obj (.cinit)
                 [ 0002dcc0 ]  00016e60          *   00000004   rts55x.lib : fopen.obj (.cinit)
                 [ 0002dcc8 ]  00016e64          *   00000004              : memory.obj (.cinit)
                 [ 0002dcd0 ]  00016e68          *   00000001   --HOLE-- [fill = 0]

.const       0   [ 0002dcd4 ]  00016e6a          *   0000038e   
                 [ 0002dcd4 ]  00016e6a          *   00000101   rts55x.lib : ctype.obj (.const:__ctypes_)
                 [ 0002ded6 ]  00016f6b          *   00000001   --HOLE-- [fill = 0]
                 [ 0002ded8 ]  00016f6c          *   000000d1   aic3204.obj (.const:.string)
                 [ 0002e07a ]  0001703d          *   00000001   --HOLE-- [fill = 0]
                 [ 0002e07c ]  0001703e          *   00000093   aic_dma.obj (.const:.string)
                 [ 0002e1a2 ]  000170d1          *   00000001   --HOLE-- [fill = 0]
                 [ 0002e1a4 ]  000170d2          *   00000089   uart_config.obj (.const:.string)
                 [ 0002e2b6 ]  0001715b          *   00000001   --HOLE-- [fill = 0]
                 [ 0002e2b8 ]  0001715c          *   0000003f   led_test.obj (.const:.string)
                 [ 0002e336 ]  0001719b          *   00000001   --HOLE-- [fill = 0]
                 [ 0002e338 ]  0001719c          *   00000024   rts55x.lib : _printfi.obj (.const:.string)
                 [ 0002e380 ]  000171c0          *   0000001a    main.obj (.const:.string)
                 [ 0002e3b4 ]  000171da          *   0000000c   rts55x.lib : _printfi.obj (.const)
                 [ 0002e3cc ]  000171e6          *   00000008              : divd.obj (.const:_initial_approx$1)
                 [ 0002e3dc ]  000171ee          *   00000004   systemInit.obj (.const:_$P$T0$1)
                 [ 0002e3e4 ]  000171f2          *   00000002   rts55x.lib : fputs.obj (.const:.string)
                 [ 0002e3e8 ]  000171f4          *   00000002              : divd.obj (.const)
                 [ 0002e3ec ]  000171f6          *   00000002              : fltlid.obj (.const)


GLOBAL SYMBOLS: SORTED ALPHABETICALLY BY Name 

abs. value/
byte addr   word addr   name
---------   ---------   ----
00000002                $TI_capability$C5500$CallingConvention
00000002                $TI_capability$C5500$MemoryModel
00000001                $TI_capability_requires_rev3
            00008000    .bss
            00008000    .data
0002072c                .text
0002b0ae                C$$EXIT
0002a24c                C$$IO$$
0002b06e                I$$LMPY
0002aff1                I$$UDIV
0002b006                I$$UMOD
00000100                RST
            0000fb0d    _A
000282fe                _AIC3204_rget
00028349                _AIC3204_rset
            00010042    _D1
            00010043    _D2
0002084f                _DMA_close
0002086e                _DMA_config
00021445                _DMA_getConfig
00021f38                _DMA_getLastTransferType
0002072c                _DMA_init
00020763                _DMA_open
00021bc8                _DMA_reset
000219b4                _DMA_start
00021ac4                _DMA_stop
00021eb4                _DMA_swapWords
00028647                _EQcoeff
0002a67b                _EZDSP5535_GPIO_getInput
0002a612                _EZDSP5535_GPIO_init
0002a63d                _EZDSP5535_GPIO_setDirection
0002a661                _EZDSP5535_GPIO_setOutput
0002a4f8                _EZDSP5535_I2C_init
0002a55e                _EZDSP5535_I2C_read
0002a52d                _EZDSP5535_I2C_reset
0002a538                _EZDSP5535_I2C_write
00029ca4                _EZDSP5535_I2S_close
00029baf                _EZDSP5535_I2S_init
00029c08                _EZDSP5535_I2S_readLeft
00029c67                _EZDSP5535_I2S_readRight
00029c3a                _EZDSP5535_I2S_writeLeft
00029c88                _EZDSP5535_I2S_writeRight
00029579                _EZDSP5535_LED_getall
00029543                _EZDSP5535_LED_init
0002966e                _EZDSP5535_LED_off
00029639                _EZDSP5535_LED_on
000295cb                _EZDSP5535_LED_setall
000296a1                _EZDSP5535_LED_toggle
000296fc                _EZDSP5535_XF_get
000296f1                _EZDSP5535_XF_off
000296e6                _EZDSP5535_XF_on
0002970b                _EZDSP5535_XF_toggle
0002ad51                _EZDSP5535_init
0002ad0b                _EZDSP5535_wait
0002ad3f                _EZDSP5535_waitusec
            00010054    _F1
00029854                _FUART_init
00026177                _GPIO_clearInt
00025cd0                _GPIO_close
00025cf4                _GPIO_config
00025f27                _GPIO_configBit
0002606f                _GPIO_disableInt
000260ed                _GPIO_enableInt
00025d79                _GPIO_getConfig
00025c8c                _GPIO_open
00025e01                _GPIO_read
0002628a                _GPIO_reset
00026203                _GPIO_statusBit
00025e84                _GPIO_write
            00010386    _GpioObj
            0000f908    _H
0002727a                _HOSTclock
0002720f                _HOSTclose
0002715a                _HOSTlseek
000270bb                _HOSTopen
0002702e                _HOSTread
00026f80                _HOSTrename
00026f22                _HOSTtime
00026eb8                _HOSTunlink
00026e2b                _HOSTwrite
00024706                _I2C_config
000250d1                _I2C_eventDisable
00024f9d                _I2C_eventEnable
0002486b                _I2C_getConfig
0002527d                _I2C_getEventId
0002465d                _I2C_init
00024d7f                _I2C_read
000251f0                _I2C_setCallback
00024941                _I2C_setup
00024b3b                _I2C_write
000256ce                _I2S_close
00025299                _I2S_open
00025780                _I2S_read
00025b90                _I2S_reset
000253e0                _I2S_setup
00025c41                _I2S_transEnable
00025a3a                _I2S_write
000263b3                _IRQ_clear
0002641d                _IRQ_clearAll
0002642d                _IRQ_config
00026553                _IRQ_disable
000265d1                _IRQ_disableAll
000265df                _IRQ_enable
000266d9                _IRQ_getArg
000264c0                _IRQ_getConfig
00026827                _IRQ_globalDisable
00026840                _IRQ_globalEnable
00026859                _IRQ_globalRestore
00026319                _IRQ_init
00026752                _IRQ_map
0002a586                _IRQ_plug
00026669                _IRQ_restore
0002671f                _IRQ_setArg
00026784                _IRQ_setVecs
000267b5                _IRQ_test
0002af57                _LFO
00028b68                _PLL_bypass
000289d8                _PLL_config
00028b01                _PLL_enable
000289a0                _PLL_init
00028bb7                _PLL_reset
            00010044    _Q1
00000200                _Reset
            0000f8ee    _START_OF_MESSAGE
00023b62                _UART_config
00023e99                _UART_eventDisable
00023e01                _UART_eventEnable
000241d3                _UART_fgetc
000242f6                _UART_fgets
00024271                _UART_fputc
00024426                _UART_fputs
0002453a                _UART_getConfig
00024513                _UART_getEventId
00023601                _UART_init
00023f28                _UART_read
00023d71                _UART_reset
00023db6                _UART_resetOff
000245f7                _UART_setCallback
000236bb                _UART_setup
00023c67                _UART_setupBaudRate
00024051                _UART_write
            00010364    _UARTstatus
00000100                _VECSTART
            00003200    __CIOBUF_
            0001605c    __STACK_END
00001000                __STACK_SIZE
00003f80                __SYSMEM_SIZE
00001000                __SYSSTACK_SIZE
ffffffff                ___binit__
            00008000    ___bss__
ffffffff                ___c_args__
            0001685c    ___cinit__
            00008000    ___data__
            00008000    ___edata__
            00010396    ___end__
0002b0b8                ___etext__
0002b03e                ___isinf
ffffffff                ___pinit__
0002072c                ___text__
00029100                __addd
0002adfc                __args_main
00028d44                __cleanup
            0001038e    __cleanup_ptr
000294eb                __cmpd
            00016e6a    __ctypes_
00027fb4                __divd
0002ae92                __divli
000290cb                __divlli
0002aff1                __divu
0002a457                __divul
00028fd7                __divull
0002a0d5                __doflush
            00010390    __dtors_ptr
000294b7                __eqld
0002afc7                __fixdi
0002a969                __fixdli
0002abef                __fltlid
0002a80c                __frcmpyd
0002a00d                __frcmpyd_div
            00010040    __ft_end
            0000ff28    __ftable
0002946d                __geqd
00029422                __gtrd
000293d5                __leqd
            0001038a    __lock
0002938d                __lssd
00029a63                __mpyd
0002b06e                __mpyli
00028f1f                __mpylli
0002b093                __negd
00029359                __neqd
0002b091                __nop
0002333a                __printfi
00029e1c                __rd_ok
0002b089                __register_lock
0002b081                __register_unlock
0002ae47                __remli
00028ef0                __remlli
0002b006                __remu
0002a8f7                __remul
00028ea2                __remull
            0001585c    __stack
0002b05a                __subd
            00000200    __sys_memory
            0001605c    __sysstack
            0000ffa0    __tmpnams
            0001038c    __unlock
00029d9c                __wrt_ok
            0000f8e6    _a
0002b0ad                _abort
00026cc0                _add_device
00028634                _aic3204_close
00028373                _aic3204_init
0002ac56                _atoi
0002adaf                _auto_init
            0000f8e4    _bin_here1
            0000f8e5    _bin_here2
            0000fd1e    _bitrev_data
            00002800    _bitreversed_buffer
0002af93                _c_int00
00027767                _calloc
            00010365    _charsent
0002775f                _chkheap
00026c4d                _close
            00003000    _coeff_buffer
            000021c0    _complex_buffer
            0000fd1c    _complex_data
            00010366    _count
            0000fb0c    _dF
            0000f8f0    _data_ready
            000025c0    _db
            0000f906    _dbptr
            0000f8b0    _dmaConfigLR
            0000f894    _dmaConfigLS
            0000f8be    _dmaConfigRR
            0000f8a2    _dmaConfigRS
            0000f890    _dmaHandleLR
            0000f88c    _dmaHandleLS
            0000f892    _dmaHandleRR
            0000f88e    _dmaHandleRS
            0000f08c    _dmaPingDstBufLR
            0000f28c    _dmaPingDstBufRR
            0000f48c    _dmaPingSrcBufLS
            0000f68c    _dmaPingSrcBufRS
            0000f18c    _dmaPongDstBufLR
            0000f38c    _dmaPongDstBufRR
            0000f58c    _dmaPongSrcBufLS
            0000f78c    _dmaPongSrcBufRS
0002778d                _dma_init
00027b6c                _dma_isr
00027ab3                _dma_stop
            0000f8f4    _e_index
0002a27d                _echo
            00008000    _echo_array
0002a251                _echo_array_clear
0002af19                _exit
            0001004e    _f1
            0000fb15    _fc
0002a791                _fclose
0002a13e                _fflush
            0000fd22    _fft_data
00026c44                _find_registered_device
0002a716                _fir2
00028e67                _fopen
0002a3b1                _fputc
00029900                _fputs
000272d8                _free
00027709                _free_memory
00028d9e                _freopen
            0001033f    _fsError
0002aab2                _fseek
0002ab1d                _fuzz
            0000f8fc    _fx
            00010368    _gI2cObj
            0000f8cc    _getdmaConfig
00026db0                _getenv
            00010388    _hGpio
            00010392    _hI2s
            00010362    _hUart
            00010046    _hVar1
            00010048    _hVar2
            0001004a    _hVar3
            0001004c    _hfc
00ff0c1c                _hwafft_1024pts
00ff0593                _hwafft_128pts
00feff9f                _hwafft_16pts
00ff07a4                _hwafft_256pts
00ff00f5                _hwafft_32pts
00ff09a2                _hwafft_512pts
00ff03fe                _hwafft_64pts
00fefeb0                _hwafft_8pts
00fefe9c                _hwafft_br
            0000f8fa    _i
            00010378    _i2cHandle
            0000f8e1    _ifrflags
            0000fb0b    _ii
0002a30a                _led_test
00026bde                _lseek
            0000f8e2    _lst_xfer_ping
            0000f8e3    _lst_xfer_pong
0002a699                _ltoa
00027be1                _main
00027409                _malloc
000276af                _max_free
0002b01b                _memccpy
0002aeda                _memcpy
            0000f8ef    _messagestart
000273a4                _minit
            00010384    _modsignal
            00010381    _modulator
            0000f90a    _monoInputPing
            0000fa0a    _monoInputPong
            0000f8fb    _new_EQ_filter
00026b1f                _open
            0000f8f1    _opmode
            00010340    _ouError
            0000fd24    _out_sel
            00010380    _output
            00010382    _output32
            00010050    _outputs
            00010394    _pGain
            0000f8f2    _param1
            0000f8f3    _param2
            00010045    _pi
            0000f8da    _pingLR
            0000f8dc    _pingLS
            0000f8db    _pingRR
            0000f8dd    _pingRS
            0000f8e0    _pp
0002ad5f                _printf
0002a3b1                _putc
0002a448                _putchar
00029a35                _puts
00026a71                _read
0002aa45                _readmsg
000274fe                _realloc
0002b0a3                _remove
00026a3b                _remove_device
000269e2                _rename
00029f71                _reverb
            0000ddc1    _reverb_array
00029f45                _reverb_array_clear
            0000f8f5    _rx
            0000fd20    _scratch
            00002c00    _scratch_buffer
00029cb6                _setvbuf
            0000f8df    _status
0002ab86                _stereo_to_mono
0002aba7                _stereo_to_mono_buffer
00029e79                _svf
0002a882                _systemInit
            0000f8de    _tcr2
            00010395    _thresh
0002acb2                _tremolo
            0000fb1c    _turkey512
            0001034e    _uartObj
            00010342    _uartSetup
0002972a                _uart_init
00029831                _uart_isr
000269af                _unlink
0002686d                _write
0002a197                _writemsg
            0000fb0a    _x
ffffffff                binit
            0001685c    cinit
            00008000    edata
            00010396    end
0002b0b8                etext
ffffffff                pinit


GLOBAL SYMBOLS: SORTED BY Symbol Address 

abs. value/
byte addr   word addr   name
---------   ---------   ----
00000001                $TI_capability_requires_rev3
00000002                $TI_capability$C5500$CallingConvention
00000002                $TI_capability$C5500$MemoryModel
00000100                RST
00000100                _VECSTART
00000200                _Reset
            00000200    __sys_memory
00001000                __STACK_SIZE
00001000                __SYSSTACK_SIZE
00003f80                __SYSMEM_SIZE
            000021c0    _complex_buffer
            000025c0    _db
            00002800    _bitreversed_buffer
            00002c00    _scratch_buffer
            00003000    _coeff_buffer
            00003200    __CIOBUF_
            00008000    .bss
            00008000    .data
            00008000    ___bss__
            00008000    ___data__
            00008000    ___edata__
            00008000    _echo_array
            00008000    edata
            0000ddc1    _reverb_array
            0000f08c    _dmaPingDstBufLR
            0000f18c    _dmaPongDstBufLR
            0000f28c    _dmaPingDstBufRR
            0000f38c    _dmaPongDstBufRR
            0000f48c    _dmaPingSrcBufLS
            0000f58c    _dmaPongSrcBufLS
            0000f68c    _dmaPingSrcBufRS
            0000f78c    _dmaPongSrcBufRS
            0000f88c    _dmaHandleLS
            0000f88e    _dmaHandleRS
            0000f890    _dmaHandleLR
            0000f892    _dmaHandleRR
            0000f894    _dmaConfigLS
            0000f8a2    _dmaConfigRS
            0000f8b0    _dmaConfigLR
            0000f8be    _dmaConfigRR
            0000f8cc    _getdmaConfig
            0000f8da    _pingLR
            0000f8db    _pingRR
            0000f8dc    _pingLS
            0000f8dd    _pingRS
            0000f8de    _tcr2
            0000f8df    _status
            0000f8e0    _pp
            0000f8e1    _ifrflags
            0000f8e2    _lst_xfer_ping
            0000f8e3    _lst_xfer_pong
            0000f8e4    _bin_here1
            0000f8e5    _bin_here2
            0000f8e6    _a
            0000f8ee    _START_OF_MESSAGE
            0000f8ef    _messagestart
            0000f8f0    _data_ready
            0000f8f1    _opmode
            0000f8f2    _param1
            0000f8f3    _param2
            0000f8f4    _e_index
            0000f8f5    _rx
            0000f8fa    _i
            0000f8fb    _new_EQ_filter
            0000f8fc    _fx
            0000f906    _dbptr
            0000f908    _H
            0000f90a    _monoInputPing
            0000fa0a    _monoInputPong
            0000fb0a    _x
            0000fb0b    _ii
            0000fb0c    _dF
            0000fb0d    _A
            0000fb15    _fc
            0000fb1c    _turkey512
            0000fd1c    _complex_data
            0000fd1e    _bitrev_data
            0000fd20    _scratch
            0000fd22    _fft_data
            0000fd24    _out_sel
            0000ff28    __ftable
            0000ffa0    __tmpnams
            00010040    __ft_end
            00010042    _D1
            00010043    _D2
            00010044    _Q1
            00010045    _pi
            00010046    _hVar1
            00010048    _hVar2
            0001004a    _hVar3
            0001004c    _hfc
            0001004e    _f1
            00010050    _outputs
            00010054    _F1
            0001033f    _fsError
            00010340    _ouError
            00010342    _uartSetup
            0001034e    _uartObj
            00010362    _hUart
            00010364    _UARTstatus
            00010365    _charsent
            00010366    _count
            00010368    _gI2cObj
            00010378    _i2cHandle
            00010380    _output
            00010381    _modulator
            00010382    _output32
            00010384    _modsignal
            00010386    _GpioObj
            00010388    _hGpio
            0001038a    __lock
            0001038c    __unlock
            0001038e    __cleanup_ptr
            00010390    __dtors_ptr
            00010392    _hI2s
            00010394    _pGain
            00010395    _thresh
0002072c                .text
0002072c                _DMA_init
            00010396    ___end__
0002072c                ___text__
            00010396    end
00020763                _DMA_open
0002084f                _DMA_close
0002086e                _DMA_config
00021445                _DMA_getConfig
000219b4                _DMA_start
00021ac4                _DMA_stop
00021bc8                _DMA_reset
00021eb4                _DMA_swapWords
00021f38                _DMA_getLastTransferType
0002333a                __printfi
00023601                _UART_init
000236bb                _UART_setup
00023b62                _UART_config
00023c67                _UART_setupBaudRate
00023d71                _UART_reset
00023db6                _UART_resetOff
00023e01                _UART_eventEnable
00023e99                _UART_eventDisable
00023f28                _UART_read
00024051                _UART_write
000241d3                _UART_fgetc
00024271                _UART_fputc
000242f6                _UART_fgets
00024426                _UART_fputs
00024513                _UART_getEventId
0002453a                _UART_getConfig
000245f7                _UART_setCallback
0002465d                _I2C_init
00024706                _I2C_config
0002486b                _I2C_getConfig
00024941                _I2C_setup
00024b3b                _I2C_write
00024d7f                _I2C_read
00024f9d                _I2C_eventEnable
000250d1                _I2C_eventDisable
000251f0                _I2C_setCallback
0002527d                _I2C_getEventId
00025299                _I2S_open
000253e0                _I2S_setup
000256ce                _I2S_close
00025780                _I2S_read
00025a3a                _I2S_write
00025b90                _I2S_reset
00025c41                _I2S_transEnable
00025c8c                _GPIO_open
00025cd0                _GPIO_close
00025cf4                _GPIO_config
00025d79                _GPIO_getConfig
00025e01                _GPIO_read
00025e84                _GPIO_write
00025f27                _GPIO_configBit
0002606f                _GPIO_disableInt
000260ed                _GPIO_enableInt
00026177                _GPIO_clearInt
00026203                _GPIO_statusBit
0002628a                _GPIO_reset
00026319                _IRQ_init
000263b3                _IRQ_clear
0002641d                _IRQ_clearAll
0002642d                _IRQ_config
000264c0                _IRQ_getConfig
00026553                _IRQ_disable
000265d1                _IRQ_disableAll
000265df                _IRQ_enable
00026669                _IRQ_restore
000266d9                _IRQ_getArg
0002671f                _IRQ_setArg
00026752                _IRQ_map
00026784                _IRQ_setVecs
000267b5                _IRQ_test
00026827                _IRQ_globalDisable
00026840                _IRQ_globalEnable
00026859                _IRQ_globalRestore
0002686d                _write
000269af                _unlink
000269e2                _rename
00026a3b                _remove_device
00026a71                _read
00026b1f                _open
00026bde                _lseek
00026c44                _find_registered_device
00026c4d                _close
00026cc0                _add_device
00026db0                _getenv
00026e2b                _HOSTwrite
00026eb8                _HOSTunlink
00026f22                _HOSTtime
00026f80                _HOSTrename
0002702e                _HOSTread
000270bb                _HOSTopen
0002715a                _HOSTlseek
0002720f                _HOSTclose
0002727a                _HOSTclock
000272d8                _free
000273a4                _minit
00027409                _malloc
000274fe                _realloc
000276af                _max_free
00027709                _free_memory
0002775f                _chkheap
00027767                _calloc
0002778d                _dma_init
00027ab3                _dma_stop
00027b6c                _dma_isr
00027be1                _main
00027fb4                __divd
000282fe                _AIC3204_rget
00028349                _AIC3204_rset
00028373                _aic3204_init
00028634                _aic3204_close
00028647                _EQcoeff
000289a0                _PLL_init
000289d8                _PLL_config
00028b01                _PLL_enable
00028b68                _PLL_bypass
00028bb7                _PLL_reset
00028d44                __cleanup
00028d9e                _freopen
00028e67                _fopen
00028ea2                __remull
00028ef0                __remlli
00028f1f                __mpylli
00028fd7                __divull
000290cb                __divlli
00029100                __addd
00029359                __neqd
0002938d                __lssd
000293d5                __leqd
00029422                __gtrd
0002946d                __geqd
000294b7                __eqld
000294eb                __cmpd
00029543                _EZDSP5535_LED_init
00029579                _EZDSP5535_LED_getall
000295cb                _EZDSP5535_LED_setall
00029639                _EZDSP5535_LED_on
0002966e                _EZDSP5535_LED_off
000296a1                _EZDSP5535_LED_toggle
000296e6                _EZDSP5535_XF_on
000296f1                _EZDSP5535_XF_off
000296fc                _EZDSP5535_XF_get
0002970b                _EZDSP5535_XF_toggle
0002972a                _uart_init
00029831                _uart_isr
00029854                _FUART_init
00029900                _fputs
00029a35                _puts
00029a63                __mpyd
00029baf                _EZDSP5535_I2S_init
00029c08                _EZDSP5535_I2S_readLeft
00029c3a                _EZDSP5535_I2S_writeLeft
00029c67                _EZDSP5535_I2S_readRight
00029c88                _EZDSP5535_I2S_writeRight
00029ca4                _EZDSP5535_I2S_close
00029cb6                _setvbuf
00029d9c                __wrt_ok
00029e1c                __rd_ok
00029e79                _svf
00029f45                _reverb_array_clear
00029f71                _reverb
0002a00d                __frcmpyd_div
0002a0d5                __doflush
0002a13e                _fflush
0002a197                _writemsg
0002a24c                C$$IO$$
0002a251                _echo_array_clear
0002a27d                _echo
0002a30a                _led_test
0002a3b1                _fputc
0002a3b1                _putc
0002a448                _putchar
0002a457                __divul
0002a4f8                _EZDSP5535_I2C_init
0002a52d                _EZDSP5535_I2C_reset
0002a538                _EZDSP5535_I2C_write
0002a55e                _EZDSP5535_I2C_read
0002a586                _IRQ_plug
0002a612                _EZDSP5535_GPIO_init
0002a63d                _EZDSP5535_GPIO_setDirection
0002a661                _EZDSP5535_GPIO_setOutput
0002a67b                _EZDSP5535_GPIO_getInput
0002a699                _ltoa
0002a716                _fir2
0002a791                _fclose
0002a80c                __frcmpyd
0002a882                _systemInit
0002a8f7                __remul
0002a969                __fixdli
0002aa45                _readmsg
0002aab2                _fseek
0002ab1d                _fuzz
0002ab86                _stereo_to_mono
0002aba7                _stereo_to_mono_buffer
0002abef                __fltlid
0002ac56                _atoi
0002acb2                _tremolo
0002ad0b                _EZDSP5535_wait
0002ad3f                _EZDSP5535_waitusec
0002ad51                _EZDSP5535_init
0002ad5f                _printf
0002adaf                _auto_init
0002adfc                __args_main
0002ae47                __remli
0002ae92                __divli
0002aeda                _memcpy
0002af19                _exit
0002af57                _LFO
0002af93                _c_int00
0002afc7                __fixdi
0002aff1                I$$UDIV
0002aff1                __divu
0002b006                I$$UMOD
0002b006                __remu
0002b01b                _memccpy
0002b03e                ___isinf
0002b05a                __subd
0002b06e                I$$LMPY
0002b06e                __mpyli
0002b081                __register_unlock
0002b089                __register_lock
0002b091                __nop
0002b093                __negd
0002b0a3                _remove
0002b0ad                _abort
0002b0ae                C$$EXIT
0002b0b8                ___etext__
            0001585c    __stack
0002b0b8                etext
            0001605c    __STACK_END
            0001605c    __sysstack
            0001685c    ___cinit__
            0001685c    cinit
            00016e6a    __ctypes_
00fefe9c                _hwafft_br
00fefeb0                _hwafft_8pts
00feff9f                _hwafft_16pts
00ff00f5                _hwafft_32pts
00ff03fe                _hwafft_64pts
00ff0593                _hwafft_128pts
00ff07a4                _hwafft_256pts
00ff09a2                _hwafft_512pts
00ff0c1c                _hwafft_1024pts
ffffffff                ___binit__
ffffffff                ___c_args__
ffffffff                ___pinit__
ffffffff                binit
ffffffff                pinit

[369 symbols]
