******************************************************************************
              TMS320C55x Linker PC v4.3.8                      
******************************************************************************
>> Linked Mon May 05 21:39:17 2014

OUTPUT FILE NAME:   <lms_test_new_dma.out>
ENTRY POINT SYMBOL: "_c_int00"  address: 0002556f


MEMORY CONFIGURATION

         name            origin    length      used     unused   attr    fill
                        (bytes)   (bytes)    (bytes)   (bytes)
----------------------  --------  ---------  --------  --------  ----  --------
PAGE 0:
  MMR                   00000000   000000c0  00000000  000000c0  RWIX
  DARAM0                000000c0   0000ff40  00009038  00006f08  RWIX
  SARAM0                00010000   00010000  00000000  00010000  RWIX
  SARAM1                00020000   00020000  000056da  0001a926  RWIX
  SARAM2                00040000   0000fe00  00000c80  0000f180  RWIX
  VECS                  0004fe00   00000200  00000100  00000100  RWIX
  PDROM                 00ff8000   00008000  00000000  00008000  R IX

PAGE 2:
  IOPORT                00000000   00020000  00000000  00020000  RWI 


SECTION ALLOCATION MAP
(Addresses surrounded by []'s are displayed for convenience only!)

output                                                          attributes/
section   page  orgn(bytes) orgn(words) len(bytes) len(words)   input sections
--------  ----  ----------- ----------- ---------- ----------   --------------
.pinit       0   [ 00040000 ]  00020000          *   00000000   UNINITIALIZED

.stack       0   [ 000000c0 ]  00000060          *   00001000   UNINITIALIZED
                 [ 000000c0 ]  00000060          *   00001000   --HOLE--

.data        0   [ 000000c0 ]  00000060          *   00000000   UNINITIALIZED

.sysstack 
*            0   [ 000020c0 ]  00001060          *   00000800   UNINITIALIZED
                 [ 000020c0 ]  00001060          *   00000800   --HOLE--

cmplxBuf     0   [ 000030c0 ]  00001860          *   00000400   UNINITIALIZED
                 [ 000030c0 ]  00001860          *   00000400   EQ.obj (cmplxBuf)

dbufferLeft 
*            0   [ 000038c0 ]  00001c60          *   00000202   UNINITIALIZED
                 [ 000038c0 ]  00001c60          *   00000202   main.obj (dbufferLeft)

.bss.1       0   [ 00003cc4 ]  00001e62          *   0000019d   UNINITIALIZED
                 [ 00003cc4 ]  00001e62          *   00000119   rts55h.lib : defs.obj (.bss)
                 [ 00003ef6 ]  00001f7b          *   00000001              : fopen.obj (.bss)
                 [ 00003ef8 ]  00001f7c          *   00000071              : lowlev.obj (.bss)
                 [ 00003fda ]  00001fed          *   0000000a   LEDFlasher5505.obj (.bss)
                 [ 00003fee ]  00001ff7          *   00000001   usbstk5505_i2c.obj (.bss)
                 [ 00003ff0 ]  00001ff8          *   00000007   rts55h.lib : memory.obj (.bss)

data_br_buf 
*            0   [ 00004000 ]  00002000          *   00000400   UNINITIALIZED
                 [ 00004000 ]  00002000          *   00000400   EQ.obj (data_br_buf)

scratch_buf 
*            0   [ 00004800 ]  00002400          *   00000400   UNINITIALIZED
                 [ 00004800 ]  00002400          *   00000400   EQ.obj (scratch_buf)

dbufferRight 
*            0   [ 00005000 ]  00002800          *   00000202   UNINITIALIZED
                 [ 00005000 ]  00002800          *   00000202   main.obj (dbufferRight)

coeffs       0   [ 00005404 ]  00002a02          *   00000200   UNINITIALIZED
                 [ 00005404 ]  00002a02          *   00000200   main.obj (coeffs)

.sysmem      0   [ 00005804 ]  00002c02          *   00001000   UNINITIALIZED
                 [ 00005804 ]  00002c02          *   00001000   --HOLE--

.bss.2       0   [ 00007804 ]  00003c02          *   000006f7   UNINITIALIZED
                 [ 00007804 ]  00003c02          *   00000406   EQ.obj (.bss)
                 [ 00008010 ]  00004008          *   00000221   main.obj (.bss)
                 [ 00008452 ]  00004229          *   000000d0   rts55h.lib : trgdrv.obj (.bss)

.bss.3       0   [ 000085f4 ]  000042fa          *   00000040   UNINITIALIZED
                 [ 000085f4 ]  000042fa          *   00000036   PLL.obj (.bss)
                 [ 00008660 ]  00004330          *   00000004   rts55h.lib : _lock.obj (.bss)
                 [ 00008668 ]  00004334          *   00000004              : exit.obj (.bss)
                 [ 00008670 ]  00004338          *   00000002   aic3204.obj (.bss)

.const.1     0   [ 00008674 ]  0000433a          *   000004ab   
                 [ 00008674 ]  0000433a          *   00000236   PLL.obj (.const:.string)
                 [ 00008ae0 ]  00004570          *   00000174   aic3204_init.obj (.const:.string)
                 [ 00008dc8 ]  000046e4          *   00000101   rts55h.lib : ctype.obj (.const:__ctypes_)

.const.2     0   [ 00008fcc ]  000047e6          *   0000005b   
                 [ 00008fcc ]  000047e6          *   0000005b   main.obj (.const:.string)

.const.3     0   [ 00009084 ]  00004842          *   0000003e   
                 [ 00009084 ]  00004842          *   00000024   rts55h.lib : _printfi.obj (.const:.string)
                 [ 000090cc ]  00004866          *   0000000c              : _printfi.obj (.const)
                 [ 000090e4 ]  00004872          *   00000008              : divd.obj (.const:_initial_approx$1)
                 [ 000090f4 ]  0000487a          *   00000002              : fputs.obj (.const:.string)
                 [ 000090f8 ]  0000487c          *   00000002              : divd.obj (.const)
                 [ 000090fc ]  0000487e          *   00000002              : fltlid.obj (.const)

.text        0     00020000  [ 00010000 ] 000056da          *   
                   00020000  [ 00010000 ] 00001526          *   rts55h.lib : _printfi.obj (.text)
                   00021526  [ 00010a93 ] 0000053a          *   aic3204_init.obj (.text)
                   00021a60  [ 00010d30 ] 00000538          *   rts55h.lib : trgdrv.obj (.text)
                   00021f98  [ 00010fcc ] 0000052a          *              : memory.obj (.text)
                   000224c2  [ 00011261 ] 00000518          *              : lowlev.obj (.text)
                   000229da  [ 000114ed ] 00000367          *              : divd.obj (.text)
                   00022d41  [ 000116a0+] 00000340          *   PLL.obj (.text)
                   00023081  [ 00011840+] 000002f5          *   main.obj (.text)
                   00023376  [ 000119bb ] 000002ad          *   CSLc55x5h.lib : csl_pll.obj (.text)
                   00023623  [ 00011b11+] 0000026c          *   rts55h.lib : fopen.obj (.text)
                   0002388f  [ 00011c47+] 00000262          *   EQ.obj (.text)
                   00023af1  [ 00011d78+] 0000025c          *   rts55h.lib : llmpy.obj (.text)
                   00023d4d  [ 00011ea6+] 00000257          *              : addd.obj (.text)
                   00023fa4  [ 00011fd2 ] 000001ea          *              : cmpd.obj (.text)
                   0002418e  [ 000120c7 ] 0000017b          *              : fputs.obj (.text)
                   00024309  [ 00012184+] 0000016b          *   LEDFlasher5505.obj (.text)
                   00024474  [ 0001223a ] 00000164          *   usbstk5505_gpio.obj (.text)
                   000245d8  [ 000122ec ] 0000014b          *   rts55h.lib : mpyd.obj (.text)
                   00024723  [ 00012391+] 0000012a          *   usbstk5505_i2c.obj (.text)
                   0002484d  [ 00012426+] 00000113          *   aic3204.obj (.text)
                   00024960  [ 000124b0 ] 000000f3          *   rts55h.lib : setvbuf.obj (.text)
                   00024a53  [ 00012529+] 000000da          *              : _io_perm.obj (.text)
                   00024b2d  [ 00012596+] 000000c8          *              : frcmpyd_div.obj (.text)
                   00024bf5  [ 000125fa+] 000000be          *              : trgmsg.obj (.text:CIO_breakpoint)
                   00024cb3  [ 00012659+] 000000ba          *              : fflush.obj (.text)
                   00024d6d  [ 000126b6+] 000000a2          *              : fputc.obj (.text)
                   00024e0f  [ 00012707+] 000000a0          *              : divul.obj (.text)
                   00024eaf  [ 00012757+] 0000008b          *   55xdsph.lib : fir2.obj (.text)
                   00024f3a  [ 0001279d ] 00000079          *   rts55h.lib : ltoa.obj (.text)
                   00024fb3  [ 000127d9+] 00000076          *              : fclose.obj (.text)
                   00025029  [ 00012814+] 00000076          *              : frcmpyd.obj (.text)
                   0002509f  [ 0001284f+] 00000070          *              : remul.obj (.text)
                   0002510f  [ 00012887+] 0000006e          *              : fixdli.obj (.text)
                   0002517d  [ 000128be+] 0000006b          *              : trgmsg.obj (.text)
                   000251e8  [ 000128f4 ] 00000068          *              : fseek.obj (.text)
                   00025250  [ 00012928 ] 00000067          *              : fltlid.obj (.text)
                   000252b7  [ 0001295b+] 00000059          *              : atoi.obj (.text)
                   00025310  [ 00012988 ] 00000056          *              : memcpy.obj (.text)
                   00025366  [ 000129b3 ] 00000054          *   usbstk5505.obj (.text)
                   000253ba  [ 000129dd ] 0000004e          *   rts55h.lib : printf.obj (.text)
                   00025408  [ 00012a04 ] 0000004d          *              : autoinit.obj (.text)
                   00025455  [ 00012a2a+] 0000004b          *              : remli.obj (.text)
                   000254a0  [ 00012a50 ] 00000049          *              : args_main.obj (.text)
                   000254e9  [ 00012a74+] 00000048          *              : divli.obj (.text)
                   00025531  [ 00012a98+] 0000003e          *              : exit.obj (.text)
                   0002556f  [ 00012ab7+] 00000034          *              : boot.obj (.text)
                   000255a3  [ 00012ad1+] 0000002d          *   usbstk5505_led.obj (.text)
                   000255d0  [ 00012ae8 ] 0000002a          *   rts55h.lib : fixdi.obj (.text)
                   000255fa  [ 00012afd ] 0000002a          *              : udiv.obj (.text)
                   00025624  [ 00012b12 ] 00000022          *              : memccpy.obj (.text)
                   00025646  [ 00012b23 ] 0000001c          *   stereo.obj (.text)
                   00025662  [ 00012b31 ] 0000001b          *   rts55h.lib : isinf.obj (.text)
                   0002567d  [ 00012b3e+] 00000014          *              : subd.obj (.text)
                   00025691  [ 00012b48+] 00000013          *              : lmpy.obj (.text)
                   000256a4  [ 00012b52 ] 00000012          *              : _lock.obj (.text)
                   000256b6  [ 00012b5b ] 00000010          *              : negd.obj (.text)
                   000256c6  [ 00012b63 ] 0000000a          *              : remove.obj (.text)
                   000256d0  [ 00012b68 ] 00000007          *              : exit.obj (.text:CIO_breakpoint)
                   000256d7  [ 00012b6b+] 00000002          *              : vectors.obj (.text)
                   000256d9  [ 00012b6c ] 00000001          *   --HOLE-- [fill = 20]

.cinit       0   [ 00040000 ]  00020000          *   00000520   
                 [ 00040000 ]  00020000          *   0000040f   EQ.obj (.cinit)
                 [ 0004081e ]  0002040f          *   00000046   PLL.obj (.cinit)
                 [ 000408aa ]  00020455          *   0000002f   main.obj (.cinit)
                 [ 00040908 ]  00020484          *   0000002d   rts55h.lib : lowlev.obj (.cinit)
                 [ 00040962 ]  000204b1          *   0000002a              : defs.obj (.cinit)
                 [ 000409b6 ]  000204db          *   00000024   LEDFlasher5505.obj (.cinit)
                 [ 000409fe ]  000204ff          *   0000000a   rts55h.lib : _lock.obj (.cinit)
                 [ 00040a12 ]  00020509          *   0000000a              : exit.obj (.cinit)
                 [ 00040a26 ]  00020513          *   00000004              : fopen.obj (.cinit)
                 [ 00040a2e ]  00020517          *   00000004              : memory.obj (.cinit)
                 [ 00040a36 ]  0002051b          *   00000004   usbstk5505_i2c.obj (.cinit)
                 [ 00040a3e ]  0002051f          *   00000001   --HOLE-- [fill = 0]

.cio         0   [ 00040a40 ]  00020520          *   00000120   UNINITIALIZED
                 [ 00040a40 ]  00020520          *   00000120   rts55h.lib : trgmsg.obj (.cio)

vectors      0     0004fe00  [ 00027f00 ] 00000100          *   
                   0004fe00  [ 00027f00 ] 00000100          *   rts55h.lib : vectors.obj (vectors)


GLOBAL SYMBOLS: SORTED ALPHABETICALLY BY Name 

abs. value/
byte addr   word addr   name
---------   ---------   ----
00000002                $TI_capability$C5500$CallingConvention
00000008                $TI_capability$C5500$MemoryModel
00000001                $TI_capability_requires_rev3
ffffffff                .bss
ffffffff                .data
ffffffff                .text
000256d1                C$$EXIT
00024cae                C$$IO$$
00025691                I$$LMPY
000255fa                I$$UDIV
0002560f                I$$UMOD
0002484d                _AIC3204_rget
00024898                _AIC3204_rset
0002388f                _EQCoeff
            0000421c    _H
00021f3a                _HOSTclock
00021ecf                _HOSTclose
00021e1a                _HOSTlseek
00021d79                _HOSTopen
00021cee                _HOSTread
00021c35                _HOSTrename
00021bd7                _HOSTtime
00021b6b                _HOSTunlink
00021ae0                _HOSTwrite
00024309                _LEDFlasher
00023568                _PLL_bypass
000233d8                _PLL_config
00023501                _PLL_enable
000233a0                _PLL_init
000235b7                _PLL_reset
0004fe00                _Reset
00024580                _USBSTK5505_GPIO_getInput
00024474                _USBSTK5505_GPIO_init
00024478                _USBSTK5505_GPIO_setDirection
00024503                _USBSTK5505_GPIO_setOutput
00024742                _USBSTK5505_I2C_close
00024723                _USBSTK5505_I2C_init
000247d4                _USBSTK5505_I2C_read
0002474b                _USBSTK5505_I2C_reset
00024759                _USBSTK5505_I2C_write
000255a3                _USBSTK5505_LED_init
000255bf                _USBSTK5505_LED_off
000255ae                _USBSTK5505_LED_on
000253ac                _USBSTK5505_init
00025366                _USBSTK5505_wait
0002539a                _USBSTK5505_waitusec
            00020520    __CIOBUF_
            00001060    __STACK_END
00002000                __STACK_SIZE
00002000                __SYSMEM_SIZE
00001000                __SYSSTACK_SIZE
ffffffff                ___binit__
ffffffff                ___bss__
ffffffff                ___c_args__
            00020000    ___cinit__
ffffffff                ___data__
ffffffff                ___edata__
ffffffff                ___end__
ffffffff                ___etext__
00025662                ___isinf
ffffffff                ___pinit__
ffffffff                ___text__
00023d4d                __addd
000254a0                __args_main
00023738                __cleanup
            00004334    __cleanup_ptr
00024136                __cmpd
            000046e4    __ctypes_
000229fc                __divd
000254e9                __divli
00023d19                __divlli
000255fa                __divu
00024e0f                __divul
00023c25                __divull
00024cb3                __doflush
            00004336    __dtors_ptr
00024102                __eqld
000255d0                __fixdi
0002510f                __fixdli
00025250                __fltlid
00025029                __frcmpyd
00024b2d                __frcmpyd_div
            00001f7a    __ft_end
            00001e62    __ftable
000240b8                __geqd
0002406d                __gtrd
00024020                __leqd
            00004330    __lock
00023fd8                __lssd
000245d8                __mpyd
00025691                __mpyli
00023b6e                __mpylli
000256b6                __negd
00023fa4                __neqd
000256b4                __nop
00021308                __printfi
00024ad0                __rd_ok
000256ac                __register_lock
000256a4                __register_unlock
00025455                __remli
00023b3f                __remlli
0002560f                __remu
0002509f                __remul
00023af1                __remull
            00000060    __stack
0002567d                __subd
            00002c02    __sys_memory
            00001060    __sysstack
            00001eda    __tmpnams
            00004332    __unlock
00024a53                __wrt_ok
            00004008    _a
000256d0                _abort
000228f2                _add_device
000248de                _aic3204_codec_read
00024924                _aic3204_codec_write
000248cc                _aic3204_disable
000248ba                _aic3204_hardware_init
00021526                _aic3204_init
000252b7                _atoi
00025408                _auto_init
            00002000    _bitreversed_buffer
            00003e08    _blackman512
0002556f                _c_int00
00022476                _calloc
0002246e                _chkheap
00022882                _close
            00002a02    _coeff_buffer
            00001860    _complex_buffer
            0000420f    _counter
            00004338    _counter1
            00004339    _counter2
            00001c60    _dbL
            00002800    _dbR
            00004224    _dbptrL
            00004226    _dbptrR
00025531                _exit
            00003c02    _fc
00024fb3                _fclose
00024d15                _fflush
00022879                _find_registered_device
00024eaf                _fir2
00023856                _fopen
00024d6d                _fputc
0002418e                _fputs
00021f98                _free
00022407                _free_memory
00023790                _freopen
000251e8                _fseek
00021a60                _getenv
            00004304    _hPll
            00003c08    _hamming512
00ff0c1c                _hwafft_1024pts
00ff0593                _hwafft_128pts
00feff9f                _hwafft_16pts
00ff07a4                _hwafft_256pts
00ff00f5                _hwafft_32pts
00ff09a2                _hwafft_512pts
00ff03fe                _hwafft_64pts
00fefeb0                _hwafft_8pts
00fefe9c                _hwafft_br
            00004223    _i
            0000400f    _left_in_buffer
            0000421e    _left_input
            0000410f    _left_out_buffer
            00004220    _left_output
            00004210    _li
            00004214    _lo
00022815                _lseek
00024f3a                _ltoa
00023081                _main
000220dc                _malloc
0002239d                _max_free
00025624                _memccpy
00025310                _memcpy
0002206a                _minit
            00004222    _mono_input
            00004228    _new_filter
00022758                _open
            0000432e    _pConfigInfo
            00004300    _pllCfg1
            00004326    _pllCfg_100MHz
            0000432a    _pllCfg_120MHz
            0000430e    _pllCfg_12MHz
            00004312    _pllCfg_12p288MHz
            00004306    _pllCfg_1MHz
            0000430a    _pllCfg_2MHz
            00004316    _pllCfg_40MHz
            0000431a    _pllCfg_60MHz
            0000431e    _pllCfg_75MHz
            00004322    _pllCfg_98MHz
            000042fa    _pllObj
00022dbc                _pll_frequency_setup
000253ba                _printf
00024d6d                _putc
00024e00                _putchar
000242dd                _puts
000226ae                _read
0002517d                _readmsg
000221d7                _realloc
000256c6                _remove
0002267a                _remove_device
00022623                _rename
            00004212    _ri
            0000408f    _right_in_buffer
            0000421f    _right_input
            0000418f    _right_out_buffer
            00004221    _right_output
            00004216    _ro
            00002400    _scratch_buffer
00021704                _set_sampling_frequency_and_gain
00024960                _setvbuf
            00001fed    _state
00025646                _stereo_to_mono
            00004218    _tmpL
            0000421a    _tmpR
000225ef                _unlink
000224c2                _write
00024bf5                _writemsg
ffffffff                binit
            00020000    cinit
ffffffff                edata
ffffffff                end
ffffffff                etext
ffffffff                pinit


GLOBAL SYMBOLS: SORTED BY Symbol Address 

abs. value/
byte addr   word addr   name
---------   ---------   ----
00000001                $TI_capability_requires_rev3
00000002                $TI_capability$C5500$CallingConvention
00000008                $TI_capability$C5500$MemoryModel
            00000060    __stack
00001000                __SYSSTACK_SIZE
00002000                __STACK_SIZE
00002000                __SYSMEM_SIZE
            00001060    __STACK_END
            00001060    __sysstack
            00001860    _complex_buffer
            00001c60    _dbL
            00001e62    __ftable
            00001eda    __tmpnams
            00001f7a    __ft_end
            00001fed    _state
            00002000    _bitreversed_buffer
            00002400    _scratch_buffer
            00002800    _dbR
            00002a02    _coeff_buffer
            00002c02    __sys_memory
            00003c02    _fc
            00003c08    _hamming512
            00003e08    _blackman512
            00004008    _a
            0000400f    _left_in_buffer
            0000408f    _right_in_buffer
            0000410f    _left_out_buffer
            0000418f    _right_out_buffer
            0000420f    _counter
            00004210    _li
            00004212    _ri
            00004214    _lo
            00004216    _ro
            00004218    _tmpL
            0000421a    _tmpR
            0000421c    _H
            0000421e    _left_input
            0000421f    _right_input
            00004220    _left_output
            00004221    _right_output
            00004222    _mono_input
            00004223    _i
            00004224    _dbptrL
            00004226    _dbptrR
            00004228    _new_filter
            000042fa    _pllObj
            00004300    _pllCfg1
            00004304    _hPll
            00004306    _pllCfg_1MHz
            0000430a    _pllCfg_2MHz
            0000430e    _pllCfg_12MHz
            00004312    _pllCfg_12p288MHz
            00004316    _pllCfg_40MHz
            0000431a    _pllCfg_60MHz
            0000431e    _pllCfg_75MHz
            00004322    _pllCfg_98MHz
            00004326    _pllCfg_100MHz
            0000432a    _pllCfg_120MHz
            0000432e    _pConfigInfo
            00004330    __lock
            00004332    __unlock
            00004334    __cleanup_ptr
            00004336    __dtors_ptr
            00004338    _counter1
            00004339    _counter2
            000046e4    __ctypes_
00021308                __printfi
00021526                _aic3204_init
00021704                _set_sampling_frequency_and_gain
00021a60                _getenv
00021ae0                _HOSTwrite
00021b6b                _HOSTunlink
00021bd7                _HOSTtime
00021c35                _HOSTrename
00021cee                _HOSTread
00021d79                _HOSTopen
00021e1a                _HOSTlseek
00021ecf                _HOSTclose
00021f3a                _HOSTclock
00021f98                _free
0002206a                _minit
000220dc                _malloc
000221d7                _realloc
0002239d                _max_free
00022407                _free_memory
0002246e                _chkheap
00022476                _calloc
000224c2                _write
000225ef                _unlink
00022623                _rename
0002267a                _remove_device
000226ae                _read
00022758                _open
00022815                _lseek
00022879                _find_registered_device
00022882                _close
000228f2                _add_device
000229fc                __divd
00022dbc                _pll_frequency_setup
00023081                _main
000233a0                _PLL_init
000233d8                _PLL_config
00023501                _PLL_enable
00023568                _PLL_bypass
000235b7                _PLL_reset
00023738                __cleanup
00023790                _freopen
00023856                _fopen
0002388f                _EQCoeff
00023af1                __remull
00023b3f                __remlli
00023b6e                __mpylli
00023c25                __divull
00023d19                __divlli
00023d4d                __addd
00023fa4                __neqd
00023fd8                __lssd
00024020                __leqd
0002406d                __gtrd
000240b8                __geqd
00024102                __eqld
00024136                __cmpd
0002418e                _fputs
000242dd                _puts
00024309                _LEDFlasher
00024474                _USBSTK5505_GPIO_init
00024478                _USBSTK5505_GPIO_setDirection
00024503                _USBSTK5505_GPIO_setOutput
00024580                _USBSTK5505_GPIO_getInput
000245d8                __mpyd
00024723                _USBSTK5505_I2C_init
00024742                _USBSTK5505_I2C_close
0002474b                _USBSTK5505_I2C_reset
00024759                _USBSTK5505_I2C_write
000247d4                _USBSTK5505_I2C_read
0002484d                _AIC3204_rget
00024898                _AIC3204_rset
000248ba                _aic3204_hardware_init
000248cc                _aic3204_disable
000248de                _aic3204_codec_read
00024924                _aic3204_codec_write
00024960                _setvbuf
00024a53                __wrt_ok
00024ad0                __rd_ok
00024b2d                __frcmpyd_div
00024bf5                _writemsg
00024cae                C$$IO$$
00024cb3                __doflush
00024d15                _fflush
00024d6d                _fputc
00024d6d                _putc
00024e00                _putchar
00024e0f                __divul
00024eaf                _fir2
00024f3a                _ltoa
00024fb3                _fclose
00025029                __frcmpyd
0002509f                __remul
0002510f                __fixdli
0002517d                _readmsg
000251e8                _fseek
00025250                __fltlid
000252b7                _atoi
00025310                _memcpy
00025366                _USBSTK5505_wait
0002539a                _USBSTK5505_waitusec
000253ac                _USBSTK5505_init
000253ba                _printf
00025408                _auto_init
00025455                __remli
000254a0                __args_main
000254e9                __divli
00025531                _exit
0002556f                _c_int00
000255a3                _USBSTK5505_LED_init
000255ae                _USBSTK5505_LED_on
000255bf                _USBSTK5505_LED_off
000255d0                __fixdi
000255fa                I$$UDIV
000255fa                __divu
0002560f                I$$UMOD
0002560f                __remu
00025624                _memccpy
00025646                _stereo_to_mono
00025662                ___isinf
0002567d                __subd
00025691                I$$LMPY
00025691                __mpyli
000256a4                __register_unlock
000256ac                __register_lock
000256b4                __nop
000256b6                __negd
000256c6                _remove
000256d0                _abort
000256d1                C$$EXIT
            00020000    ___cinit__
            00020000    cinit
            00020520    __CIOBUF_
0004fe00                _Reset
00fefe9c                _hwafft_br
00fefeb0                _hwafft_8pts
00feff9f                _hwafft_16pts
00ff00f5                _hwafft_32pts
00ff03fe                _hwafft_64pts
00ff0593                _hwafft_128pts
00ff07a4                _hwafft_256pts
00ff09a2                _hwafft_512pts
00ff0c1c                _hwafft_1024pts
ffffffff                .bss
ffffffff                .data
ffffffff                .text
ffffffff                ___binit__
ffffffff                ___bss__
ffffffff                ___c_args__
ffffffff                ___data__
ffffffff                ___edata__
ffffffff                ___end__
ffffffff                ___etext__
ffffffff                ___pinit__
ffffffff                ___text__
ffffffff                binit
ffffffff                edata
ffffffff                end
ffffffff                etext
ffffffff                pinit

[225 symbols]
